Archive member included to satisfy reference by file (symbol)

c:/program files (x86)/gnu tools arm embedded/6.2 2016q4/bin/../lib/gcc/arm-none-eabi/6.2.1/thumb/v6-m\libgcc.a(_udivsi3.o)
                              ..\obj\stm32f0xx_hal_rcc.o (__aeabi_uidiv)
c:/program files (x86)/gnu tools arm embedded/6.2 2016q4/bin/../lib/gcc/arm-none-eabi/6.2.1/thumb/v6-m\libgcc.a(_dvmd_tls.o)
                              c:/program files (x86)/gnu tools arm embedded/6.2 2016q4/bin/../lib/gcc/arm-none-eabi/6.2.1/thumb/v6-m\libgcc.a(_udivsi3.o) (__aeabi_idiv0)
c:/program files (x86)/gnu tools arm embedded/6.2 2016q4/bin/../lib/gcc/arm-none-eabi/6.2.1/../../../../arm-none-eabi/lib/thumb/v6-m\libg.a(lib_a-memcpy-stub.o)
                              ..\obj\stm32f0xx_hal_rcc.o (memcpy)
c:/program files (x86)/gnu tools arm embedded/6.2 2016q4/bin/../lib/gcc/arm-none-eabi/6.2.1/../../../../arm-none-eabi/lib/thumb/v6-m\libg.a(lib_a-memset.o)
                              ..\obj\stm32f0xx_hal_rcc.o (memset)

Allocating common symbols
Common symbol       size              file

uart_tx_fifo_not_empty_flag
                    0x1               ..\obj\rpi_communication.o
hi2c2               0x4c              ..\obj\i2c.o
uwTick              0x4               ..\obj\stm32f0xx_hal.o
pFlash              0x20              ..\obj\stm32f0xx_hal_flash.o
htim3               0x40              ..\obj\tim.o
huart1              0x70              ..\obj\usart.o
uart_tx_fifo_full_flag
                    0x1               ..\obj\rpi_communication.o
uart_rx_fifo_full_flag
                    0x1               ..\obj\rpi_communication.o
htim1               0x40              ..\obj\tim.o
uart_tx_fifo_ovf_flag
                    0x1               ..\obj\rpi_communication.o
hspi1               0x64              ..\obj\spi.o
uart_rx_fifo_not_empty_flag
                    0x1               ..\obj\rpi_communication.o
hdma_adc            0x44              ..\obj\adc.o
hadc                0x4c              ..\obj\adc.o
uart_rx_fifo_ovf_flag
                    0x1               ..\obj\rpi_communication.o

Discarded input sections

 .text          0x00000000        0x0 ..\obj\stm32f0xx_hal_pwr.o
 .data          0x00000000        0x0 ..\obj\stm32f0xx_hal_pwr.o
 .bss           0x00000000        0x0 ..\obj\stm32f0xx_hal_pwr.o
 .text.HAL_PWR_DeInit
                0x00000000       0x2c ..\obj\stm32f0xx_hal_pwr.o
 .text.HAL_PWR_EnableBkUpAccess
                0x00000000       0x1c ..\obj\stm32f0xx_hal_pwr.o
 .text.HAL_PWR_DisableBkUpAccess
                0x00000000       0x20 ..\obj\stm32f0xx_hal_pwr.o
 .text.HAL_PWR_EnableWakeUpPin
                0x00000000       0x20 ..\obj\stm32f0xx_hal_pwr.o
 .text.HAL_PWR_DisableWakeUpPin
                0x00000000       0x24 ..\obj\stm32f0xx_hal_pwr.o
 .text.HAL_PWR_EnterSLEEPMode
                0x00000000       0x38 ..\obj\stm32f0xx_hal_pwr.o
 .text.HAL_PWR_EnterSTOPMode
                0x00000000       0x68 ..\obj\stm32f0xx_hal_pwr.o
 .text.HAL_PWR_EnterSTANDBYMode
                0x00000000       0x2c ..\obj\stm32f0xx_hal_pwr.o
 .text.HAL_PWR_EnableSleepOnExit
                0x00000000       0x1c ..\obj\stm32f0xx_hal_pwr.o
 .text.HAL_PWR_DisableSleepOnExit
                0x00000000       0x1c ..\obj\stm32f0xx_hal_pwr.o
 .text.HAL_PWR_EnableSEVOnPend
                0x00000000       0x1c ..\obj\stm32f0xx_hal_pwr.o
 .text.HAL_PWR_DisableSEVOnPend
                0x00000000       0x1c ..\obj\stm32f0xx_hal_pwr.o
 .debug_info    0x00000000      0xcb1 ..\obj\stm32f0xx_hal_pwr.o
 .debug_abbrev  0x00000000      0x254 ..\obj\stm32f0xx_hal_pwr.o
 .debug_aranges
                0x00000000       0x78 ..\obj\stm32f0xx_hal_pwr.o
 .debug_ranges  0x00000000       0x68 ..\obj\stm32f0xx_hal_pwr.o
 .debug_line    0x00000000      0x483 ..\obj\stm32f0xx_hal_pwr.o
 .debug_str     0x00000000      0x85f ..\obj\stm32f0xx_hal_pwr.o
 .comment       0x00000000       0x6f ..\obj\stm32f0xx_hal_pwr.o
 .debug_frame   0x00000000      0x170 ..\obj\stm32f0xx_hal_pwr.o
 .ARM.attributes
                0x00000000       0x31 ..\obj\stm32f0xx_hal_pwr.o
 .text          0x00000000        0x0 ..\obj\spi.o
 .data          0x00000000        0x0 ..\obj\spi.o
 .bss           0x00000000        0x0 ..\obj\spi.o
 .text.HAL_SPI_MspDeInit
                0x00000000       0x58 ..\obj\spi.o
 .text          0x00000000        0x0 ..\obj\i2c.o
 .data          0x00000000        0x0 ..\obj\i2c.o
 .bss           0x00000000        0x0 ..\obj\i2c.o
 .text.HAL_I2C_MspDeInit
                0x00000000       0x48 ..\obj\i2c.o
 .text          0x00000000        0x0 ..\obj\stm32f0xx_hal_rcc.o
 .data          0x00000000        0x0 ..\obj\stm32f0xx_hal_rcc.o
 .bss           0x00000000        0x0 ..\obj\stm32f0xx_hal_rcc.o
 .text.HAL_RCC_DeInit
                0x00000000       0x70 ..\obj\stm32f0xx_hal_rcc.o
 .text.HAL_RCC_MCOConfig
                0x00000000       0x94 ..\obj\stm32f0xx_hal_rcc.o
 .text.HAL_RCC_EnableCSS
                0x00000000       0x1c ..\obj\stm32f0xx_hal_rcc.o
 .text.HAL_RCC_DisableCSS
                0x00000000       0x20 ..\obj\stm32f0xx_hal_rcc.o
 .text.HAL_RCC_GetOscConfig
                0x00000000      0x134 ..\obj\stm32f0xx_hal_rcc.o
 .text.HAL_RCC_GetClockConfig
                0x00000000       0x54 ..\obj\stm32f0xx_hal_rcc.o
 .text.HAL_RCC_NMI_IRQHandler
                0x00000000       0x28 ..\obj\stm32f0xx_hal_rcc.o
 .text.HAL_RCC_CSSCallback
                0x00000000        0xa ..\obj\stm32f0xx_hal_rcc.o
 .text          0x00000000        0x0 ..\obj\tim.o
 .data          0x00000000        0x0 ..\obj\tim.o
 .bss           0x00000000        0x0 ..\obj\tim.o
 .text.HAL_TIM_Base_MspDeInit
                0x00000000       0x50 ..\obj\tim.o
 .text          0x00000000        0x0 ..\obj\stm32f0xx_hal.o
 .data          0x00000000        0x0 ..\obj\stm32f0xx_hal.o
 .bss           0x00000000        0x0 ..\obj\stm32f0xx_hal.o
 .text.HAL_DeInit
                0x00000000       0x40 ..\obj\stm32f0xx_hal.o
 .text.HAL_MspInit
                0x00000000        0xa ..\obj\stm32f0xx_hal.o
 .text.HAL_MspDeInit
                0x00000000        0xa ..\obj\stm32f0xx_hal.o
 .text.HAL_Delay
                0x00000000       0x2e ..\obj\stm32f0xx_hal.o
 .text.HAL_SuspendTick
                0x00000000       0x1c ..\obj\stm32f0xx_hal.o
 .text.HAL_ResumeTick
                0x00000000       0x1c ..\obj\stm32f0xx_hal.o
 .text.HAL_GetHalVersion
                0x00000000       0x10 ..\obj\stm32f0xx_hal.o
 .text.HAL_GetREVID
                0x00000000       0x14 ..\obj\stm32f0xx_hal.o
 .text.HAL_GetDEVID
                0x00000000       0x18 ..\obj\stm32f0xx_hal.o
 .text.HAL_DBGMCU_EnableDBGStopMode
                0x00000000       0x1c ..\obj\stm32f0xx_hal.o
 .text.HAL_DBGMCU_DisableDBGStopMode
                0x00000000       0x1c ..\obj\stm32f0xx_hal.o
 .text.HAL_DBGMCU_EnableDBGStandbyMode
                0x00000000       0x1c ..\obj\stm32f0xx_hal.o
 .text.HAL_DBGMCU_DisableDBGStandbyMode
                0x00000000       0x1c ..\obj\stm32f0xx_hal.o
 .text          0x00000000        0x0 ..\obj\stm32f0xx_hal_spi_ex.o
 .data          0x00000000        0x0 ..\obj\stm32f0xx_hal_spi_ex.o
 .bss           0x00000000        0x0 ..\obj\stm32f0xx_hal_spi_ex.o
 .text.HAL_SPIEx_FlushRxFifo
                0x00000000       0x50 ..\obj\stm32f0xx_hal_spi_ex.o
 .debug_info    0x00000000      0xe1d ..\obj\stm32f0xx_hal_spi_ex.o
 .debug_abbrev  0x00000000      0x1f7 ..\obj\stm32f0xx_hal_spi_ex.o
 .debug_aranges
                0x00000000       0x20 ..\obj\stm32f0xx_hal_spi_ex.o
 .debug_ranges  0x00000000       0x10 ..\obj\stm32f0xx_hal_spi_ex.o
 .debug_line    0x00000000      0x3c3 ..\obj\stm32f0xx_hal_spi_ex.o
 .debug_str     0x00000000      0xaa9 ..\obj\stm32f0xx_hal_spi_ex.o
 .comment       0x00000000       0x6f ..\obj\stm32f0xx_hal_spi_ex.o
 .debug_frame   0x00000000       0x30 ..\obj\stm32f0xx_hal_spi_ex.o
 .ARM.attributes
                0x00000000       0x31 ..\obj\stm32f0xx_hal_spi_ex.o
 .text          0x00000000        0x0 ..\obj\stm32f0xx_hal_adc.o
 .data          0x00000000        0x0 ..\obj\stm32f0xx_hal_adc.o
 .bss           0x00000000        0x0 ..\obj\stm32f0xx_hal_adc.o
 .text.HAL_ADC_DeInit
                0x00000000      0x118 ..\obj\stm32f0xx_hal_adc.o
 .text.HAL_ADC_MspInit
                0x00000000       0x10 ..\obj\stm32f0xx_hal_adc.o
 .text.HAL_ADC_MspDeInit
                0x00000000       0x10 ..\obj\stm32f0xx_hal_adc.o
 .text.HAL_ADC_Start
                0x00000000       0xa8 ..\obj\stm32f0xx_hal_adc.o
 .text.HAL_ADC_Stop
                0x00000000       0x84 ..\obj\stm32f0xx_hal_adc.o
 .text.HAL_ADC_PollForConversion
                0x00000000      0x120 ..\obj\stm32f0xx_hal_adc.o
 .text.HAL_ADC_PollForEvent
                0x00000000       0xb2 ..\obj\stm32f0xx_hal_adc.o
 .text.HAL_ADC_Start_IT
                0x00000000       0xe4 ..\obj\stm32f0xx_hal_adc.o
 .text.HAL_ADC_Stop_IT
                0x00000000       0x94 ..\obj\stm32f0xx_hal_adc.o
 .text.HAL_ADC_Start_DMA
                0x00000000      0x104 ..\obj\stm32f0xx_hal_adc.o
 .text.HAL_ADC_Stop_DMA
                0x00000000       0xe0 ..\obj\stm32f0xx_hal_adc.o
 .text.HAL_ADC_GetValue
                0x00000000       0x16 ..\obj\stm32f0xx_hal_adc.o
 .text.HAL_ADC_IRQHandler
                0x00000000      0x16c ..\obj\stm32f0xx_hal_adc.o
 .text.HAL_ADC_ConvCpltCallback
                0x00000000       0x10 ..\obj\stm32f0xx_hal_adc.o
 .text.HAL_ADC_ConvHalfCpltCallback
                0x00000000       0x10 ..\obj\stm32f0xx_hal_adc.o
 .text.HAL_ADC_LevelOutOfWindowCallback
                0x00000000       0x10 ..\obj\stm32f0xx_hal_adc.o
 .text.HAL_ADC_ErrorCallback
                0x00000000       0x10 ..\obj\stm32f0xx_hal_adc.o
 .text.HAL_ADC_AnalogWDGConfig
                0x00000000      0x11c ..\obj\stm32f0xx_hal_adc.o
 .text.HAL_ADC_GetState
                0x00000000       0x14 ..\obj\stm32f0xx_hal_adc.o
 .text.HAL_ADC_GetError
                0x00000000       0x14 ..\obj\stm32f0xx_hal_adc.o
 .text.ADC_Enable
                0x00000000       0xf8 ..\obj\stm32f0xx_hal_adc.o
 .text.ADC_Disable
                0x00000000       0xd2 ..\obj\stm32f0xx_hal_adc.o
 .text.ADC_ConversionStop
                0x00000000       0x8a ..\obj\stm32f0xx_hal_adc.o
 .text.ADC_DMAConvCplt
                0x00000000       0xb4 ..\obj\stm32f0xx_hal_adc.o
 .text.ADC_DMAHalfConvCplt
                0x00000000       0x1e ..\obj\stm32f0xx_hal_adc.o
 .text.ADC_DMAError
                0x00000000       0x36 ..\obj\stm32f0xx_hal_adc.o
 .text          0x00000000        0x0 ..\obj\stm32f0xx_hal_uart.o
 .data          0x00000000        0x0 ..\obj\stm32f0xx_hal_uart.o
 .bss           0x00000000        0x0 ..\obj\stm32f0xx_hal_uart.o
 .text.HAL_HalfDuplex_Init
                0x00000000       0xb0 ..\obj\stm32f0xx_hal_uart.o
 .text.HAL_MultiProcessor_Init
                0x00000000       0xf0 ..\obj\stm32f0xx_hal_uart.o
 .text.HAL_UART_DeInit
                0x00000000       0x72 ..\obj\stm32f0xx_hal_uart.o
 .text.HAL_UART_MspInit
                0x00000000       0x10 ..\obj\stm32f0xx_hal_uart.o
 .text.HAL_UART_MspDeInit
                0x00000000       0x10 ..\obj\stm32f0xx_hal_uart.o
 .text.HAL_UART_Transmit
                0x00000000      0x146 ..\obj\stm32f0xx_hal_uart.o
 .text.HAL_UART_Receive
                0x00000000      0x19c ..\obj\stm32f0xx_hal_uart.o
 .text.HAL_UART_Transmit_IT
                0x00000000       0xb0 ..\obj\stm32f0xx_hal_uart.o
 .text.HAL_UART_Receive_IT
                0x00000000      0x114 ..\obj\stm32f0xx_hal_uart.o
 .text.HAL_UART_Transmit_DMA
                0x00000000      0x100 ..\obj\stm32f0xx_hal_uart.o
 .text.HAL_UART_Receive_DMA
                0x00000000      0x110 ..\obj\stm32f0xx_hal_uart.o
 .text.HAL_UART_DMAPause
                0x00000000       0xa4 ..\obj\stm32f0xx_hal_uart.o
 .text.HAL_UART_DMAResume
                0x00000000       0x92 ..\obj\stm32f0xx_hal_uart.o
 .text.HAL_UART_DMAStop
                0x00000000       0x96 ..\obj\stm32f0xx_hal_uart.o
 .text.HAL_UART_Abort
                0x00000000       0xd0 ..\obj\stm32f0xx_hal_uart.o
 .text.HAL_UART_AbortTransmit
                0x00000000       0x68 ..\obj\stm32f0xx_hal_uart.o
 .text.HAL_UART_AbortReceive
                0x00000000       0x84 ..\obj\stm32f0xx_hal_uart.o
 .text.HAL_UART_Abort_IT
                0x00000000      0x150 ..\obj\stm32f0xx_hal_uart.o
 .text.HAL_UART_AbortTransmit_IT
                0x00000000       0xa4 ..\obj\stm32f0xx_hal_uart.o
 .text.HAL_UART_AbortReceive_IT
                0x00000000       0xc8 ..\obj\stm32f0xx_hal_uart.o
 .text.HAL_UART_TxHalfCpltCallback
                0x00000000       0x10 ..\obj\stm32f0xx_hal_uart.o
 .text.HAL_UART_RxHalfCpltCallback
                0x00000000       0x10 ..\obj\stm32f0xx_hal_uart.o
 .text.HAL_UART_AbortCpltCallback
                0x00000000       0x10 ..\obj\stm32f0xx_hal_uart.o
 .text.HAL_UART_AbortTransmitCpltCallback
                0x00000000       0x10 ..\obj\stm32f0xx_hal_uart.o
 .text.HAL_UART_AbortReceiveCpltCallback
                0x00000000       0x10 ..\obj\stm32f0xx_hal_uart.o
 .text.HAL_MultiProcessor_EnableMuteMode
                0x00000000       0x52 ..\obj\stm32f0xx_hal_uart.o
 .text.HAL_MultiProcessor_DisableMuteMode
                0x00000000       0x54 ..\obj\stm32f0xx_hal_uart.o
 .text.HAL_MultiProcessor_EnterMuteMode
                0x00000000       0x20 ..\obj\stm32f0xx_hal_uart.o
 .text.HAL_HalfDuplex_EnableTransmitter
                0x00000000       0x60 ..\obj\stm32f0xx_hal_uart.o
 .text.HAL_HalfDuplex_EnableReceiver
                0x00000000       0x60 ..\obj\stm32f0xx_hal_uart.o
 .text.HAL_UART_GetState
                0x00000000       0x38 ..\obj\stm32f0xx_hal_uart.o
 .text.HAL_UART_GetError
                0x00000000       0x14 ..\obj\stm32f0xx_hal_uart.o
 .text.UART_WaitOnFlagUntilTimeout
                0x00000000       0x98 ..\obj\stm32f0xx_hal_uart.o
 .text.UART_EndTxTransfer
                0x00000000       0x28 ..\obj\stm32f0xx_hal_uart.o
 .text.UART_DMATransmitCplt
                0x00000000       0x54 ..\obj\stm32f0xx_hal_uart.o
 .text.UART_DMATxHalfCplt
                0x00000000       0x1e ..\obj\stm32f0xx_hal_uart.o
 .text.UART_DMAReceiveCplt
                0x00000000       0x70 ..\obj\stm32f0xx_hal_uart.o
 .text.UART_DMARxHalfCplt
                0x00000000       0x1e ..\obj\stm32f0xx_hal_uart.o
 .text.UART_DMAError
                0x00000000       0x7a ..\obj\stm32f0xx_hal_uart.o
 .text.UART_DMATxAbortCallback
                0x00000000       0x68 ..\obj\stm32f0xx_hal_uart.o
 .text.UART_DMARxAbortCallback
                0x00000000       0x68 ..\obj\stm32f0xx_hal_uart.o
 .text.UART_DMATxOnlyAbortCallback
                0x00000000       0x2e ..\obj\stm32f0xx_hal_uart.o
 .text.UART_DMARxOnlyAbortCallback
                0x00000000       0x36 ..\obj\stm32f0xx_hal_uart.o
 .text          0x00000000        0x0 ..\obj\main.o
 .data          0x00000000        0x0 ..\obj\main.o
 .bss           0x00000000        0x0 ..\obj\main.o
 .text          0x00000000       0x14 ..\obj\startup_stm32f0xx.o
 .data          0x00000000        0x0 ..\obj\startup_stm32f0xx.o
 .bss           0x00000000        0x0 ..\obj\startup_stm32f0xx.o
 .text          0x00000000        0x0 ..\obj\stm32f0xx_hal_adc_ex.o
 .data          0x00000000        0x0 ..\obj\stm32f0xx_hal_adc_ex.o
 .bss           0x00000000        0x0 ..\obj\stm32f0xx_hal_adc_ex.o
 .text.HAL_ADCEx_Calibration_Start
                0x00000000      0x104 ..\obj\stm32f0xx_hal_adc_ex.o
 .debug_info    0x00000000      0xd82 ..\obj\stm32f0xx_hal_adc_ex.o
 .debug_abbrev  0x00000000      0x1f1 ..\obj\stm32f0xx_hal_adc_ex.o
 .debug_aranges
                0x00000000       0x20 ..\obj\stm32f0xx_hal_adc_ex.o
 .debug_ranges  0x00000000       0x10 ..\obj\stm32f0xx_hal_adc_ex.o
 .debug_line    0x00000000      0x406 ..\obj\stm32f0xx_hal_adc_ex.o
 .debug_str     0x00000000      0xa19 ..\obj\stm32f0xx_hal_adc_ex.o
 .comment       0x00000000       0x6f ..\obj\stm32f0xx_hal_adc_ex.o
 .debug_frame   0x00000000       0x30 ..\obj\stm32f0xx_hal_adc_ex.o
 .ARM.attributes
                0x00000000       0x31 ..\obj\stm32f0xx_hal_adc_ex.o
 .text          0x00000000        0x0 ..\obj\stm32f0xx_hal_rcc_ex.o
 .data          0x00000000        0x0 ..\obj\stm32f0xx_hal_rcc_ex.o
 .bss           0x00000000        0x0 ..\obj\stm32f0xx_hal_rcc_ex.o
 .text.HAL_RCCEx_GetPeriphCLKConfig
                0x00000000       0x44 ..\obj\stm32f0xx_hal_rcc_ex.o
 .text.HAL_RCCEx_GetPeriphCLKFreq
                0x00000000      0x13c ..\obj\stm32f0xx_hal_rcc_ex.o
 .text          0x00000000        0x0 ..\obj\gpio.o
 .data          0x00000000        0x0 ..\obj\gpio.o
 .bss           0x00000000        0x0 ..\obj\gpio.o
 .text          0x00000000        0x0 ..\obj\stm32f0xx_hal_flash_ex.o
 .data          0x00000000        0x0 ..\obj\stm32f0xx_hal_flash_ex.o
 .bss           0x00000000        0x0 ..\obj\stm32f0xx_hal_flash_ex.o
 .text.HAL_FLASHEx_Erase
                0x00000000       0xf0 ..\obj\stm32f0xx_hal_flash_ex.o
 .text.HAL_FLASHEx_Erase_IT
                0x00000000       0x88 ..\obj\stm32f0xx_hal_flash_ex.o
 .text.HAL_FLASHEx_OBErase
                0x00000000       0x9c ..\obj\stm32f0xx_hal_flash_ex.o
 .text.HAL_FLASHEx_OBProgram
                0x00000000      0x12c ..\obj\stm32f0xx_hal_flash_ex.o
 .text.HAL_FLASHEx_OBGetConfig
                0x00000000       0x38 ..\obj\stm32f0xx_hal_flash_ex.o
 .text.HAL_FLASHEx_OBGetUserData
                0x00000000       0x40 ..\obj\stm32f0xx_hal_flash_ex.o
 .text.FLASH_MassErase
                0x00000000       0x30 ..\obj\stm32f0xx_hal_flash_ex.o
 .text.FLASH_OB_EnableWRP
                0x00000000      0x124 ..\obj\stm32f0xx_hal_flash_ex.o
 .text.FLASH_OB_DisableWRP
                0x00000000      0x120 ..\obj\stm32f0xx_hal_flash_ex.o
 .text.FLASH_OB_RDP_LevelConfig
                0x00000000       0xc4 ..\obj\stm32f0xx_hal_flash_ex.o
 .text.FLASH_OB_UserConfig
                0x00000000       0x8c ..\obj\stm32f0xx_hal_flash_ex.o
 .text.FLASH_OB_ProgramData
                0x00000000       0x84 ..\obj\stm32f0xx_hal_flash_ex.o
 .text.FLASH_OB_GetWRP
                0x00000000       0x14 ..\obj\stm32f0xx_hal_flash_ex.o
 .text.FLASH_OB_GetRDP
                0x00000000       0x44 ..\obj\stm32f0xx_hal_flash_ex.o
 .text.FLASH_OB_GetUser
                0x00000000       0x1c ..\obj\stm32f0xx_hal_flash_ex.o
 .text.FLASH_PageErase
                0x00000000       0x3c ..\obj\stm32f0xx_hal_flash_ex.o
 .debug_info    0x00000000      0xf30 ..\obj\stm32f0xx_hal_flash_ex.o
 .debug_abbrev  0x00000000      0x2d4 ..\obj\stm32f0xx_hal_flash_ex.o
 .debug_aranges
                0x00000000       0x98 ..\obj\stm32f0xx_hal_flash_ex.o
 .debug_ranges  0x00000000       0x88 ..\obj\stm32f0xx_hal_flash_ex.o
 .debug_line    0x00000000      0x5c7 ..\obj\stm32f0xx_hal_flash_ex.o
 .debug_str     0x00000000      0xaa7 ..\obj\stm32f0xx_hal_flash_ex.o
 .comment       0x00000000       0x6f ..\obj\stm32f0xx_hal_flash_ex.o
 .debug_frame   0x00000000      0x204 ..\obj\stm32f0xx_hal_flash_ex.o
 .ARM.attributes
                0x00000000       0x31 ..\obj\stm32f0xx_hal_flash_ex.o
 .text          0x00000000        0x0 ..\obj\stm32f0xx_hal_dma.o
 .data          0x00000000        0x0 ..\obj\stm32f0xx_hal_dma.o
 .bss           0x00000000        0x0 ..\obj\stm32f0xx_hal_dma.o
 .text.HAL_DMA_DeInit
                0x00000000       0x7a ..\obj\stm32f0xx_hal_dma.o
 .text.HAL_DMA_Start
                0x00000000       0x92 ..\obj\stm32f0xx_hal_dma.o
 .text.HAL_DMA_Start_IT
                0x00000000       0xcc ..\obj\stm32f0xx_hal_dma.o
 .text.HAL_DMA_Abort
                0x00000000       0x52 ..\obj\stm32f0xx_hal_dma.o
 .text.HAL_DMA_PollForTransfer
                0x00000000      0x132 ..\obj\stm32f0xx_hal_dma.o
 .text.HAL_DMA_RegisterCallback
                0x00000000       0xa2 ..\obj\stm32f0xx_hal_dma.o
 .text.HAL_DMA_UnRegisterCallback
                0x00000000       0xb4 ..\obj\stm32f0xx_hal_dma.o
 .rodata        0x00000000       0x14 ..\obj\stm32f0xx_hal_dma.o
 .text.HAL_DMA_GetState
                0x00000000       0x18 ..\obj\stm32f0xx_hal_dma.o
 .text.HAL_DMA_GetError
                0x00000000       0x14 ..\obj\stm32f0xx_hal_dma.o
 .text.DMA_SetConfig
                0x00000000       0x58 ..\obj\stm32f0xx_hal_dma.o
 .text          0x00000000        0x0 ..\obj\rpi_communication.o
 .data          0x00000000        0x0 ..\obj\rpi_communication.o
 .bss           0x00000000        0x0 ..\obj\rpi_communication.o
 .text          0x00000000        0x0 ..\obj\stm32f0xx_hal_cortex.o
 .data          0x00000000        0x0 ..\obj\stm32f0xx_hal_cortex.o
 .bss           0x00000000        0x0 ..\obj\stm32f0xx_hal_cortex.o
 .text.NVIC_DisableIRQ
                0x00000000       0x30 ..\obj\stm32f0xx_hal_cortex.o
 .text.NVIC_GetPendingIRQ
                0x00000000       0x34 ..\obj\stm32f0xx_hal_cortex.o
 .text.NVIC_SetPendingIRQ
                0x00000000       0x30 ..\obj\stm32f0xx_hal_cortex.o
 .text.NVIC_ClearPendingIRQ
                0x00000000       0x30 ..\obj\stm32f0xx_hal_cortex.o
 .text.NVIC_GetPriority
                0x00000000       0x7c ..\obj\stm32f0xx_hal_cortex.o
 .text.NVIC_SystemReset
                0x00000000       0x20 ..\obj\stm32f0xx_hal_cortex.o
 .text.HAL_NVIC_DisableIRQ
                0x00000000       0x20 ..\obj\stm32f0xx_hal_cortex.o
 .text.HAL_NVIC_SystemReset
                0x00000000        0xe ..\obj\stm32f0xx_hal_cortex.o
 .text.HAL_NVIC_GetPriority
                0x00000000       0x22 ..\obj\stm32f0xx_hal_cortex.o
 .text.HAL_NVIC_SetPendingIRQ
                0x00000000       0x20 ..\obj\stm32f0xx_hal_cortex.o
 .text.HAL_NVIC_GetPendingIRQ
                0x00000000       0x22 ..\obj\stm32f0xx_hal_cortex.o
 .text.HAL_NVIC_ClearPendingIRQ
                0x00000000       0x20 ..\obj\stm32f0xx_hal_cortex.o
 .text          0x00000000        0x0 ..\obj\sw_fifo.o
 .data          0x00000000        0x0 ..\obj\sw_fifo.o
 .text.FIFO_send_byte
                0x00000000       0x8c ..\obj\sw_fifo.o
 .text.FIFO_get_byte
                0x00000000       0x78 ..\obj\sw_fifo.o
 .text          0x00000000        0x0 ..\obj\stm32f0xx_hal_spi.o
 .data          0x00000000        0x0 ..\obj\stm32f0xx_hal_spi.o
 .bss           0x00000000        0x0 ..\obj\stm32f0xx_hal_spi.o
 .text.HAL_SPI_DeInit
                0x00000000       0x52 ..\obj\stm32f0xx_hal_spi.o
 .text.HAL_SPI_MspInit
                0x00000000       0x10 ..\obj\stm32f0xx_hal_spi.o
 .text.HAL_SPI_MspDeInit
                0x00000000       0x10 ..\obj\stm32f0xx_hal_spi.o
 .text.HAL_SPI_Transmit
                0x00000000      0x2d2 ..\obj\stm32f0xx_hal_spi.o
 .text.HAL_SPI_Receive
                0x00000000      0x278 ..\obj\stm32f0xx_hal_spi.o
 .text.HAL_SPI_TransmitReceive
                0x00000000      0x428 ..\obj\stm32f0xx_hal_spi.o
 .text.HAL_SPI_Transmit_IT
                0x00000000      0x120 ..\obj\stm32f0xx_hal_spi.o
 .text.HAL_SPI_Receive_IT
                0x00000000      0x174 ..\obj\stm32f0xx_hal_spi.o
 .text.HAL_SPI_TransmitReceive_IT
                0x00000000      0x194 ..\obj\stm32f0xx_hal_spi.o
 .text.HAL_SPI_Transmit_DMA
                0x00000000      0x1dc ..\obj\stm32f0xx_hal_spi.o
 .text.HAL_SPI_Receive_DMA
                0x00000000      0x270 ..\obj\stm32f0xx_hal_spi.o
 .text.HAL_SPI_TransmitReceive_DMA
                0x00000000      0x344 ..\obj\stm32f0xx_hal_spi.o
 .text.HAL_SPI_Abort
                0x00000000      0x1e4 ..\obj\stm32f0xx_hal_spi.o
 .text.HAL_SPI_Abort_IT
                0x00000000      0x20c ..\obj\stm32f0xx_hal_spi.o
 .text.HAL_SPI_DMAPause
                0x00000000       0x40 ..\obj\stm32f0xx_hal_spi.o
 .text.HAL_SPI_DMAResume
                0x00000000       0x40 ..\obj\stm32f0xx_hal_spi.o
 .text.HAL_SPI_DMAStop
                0x00000000       0x4e ..\obj\stm32f0xx_hal_spi.o
 .text.HAL_SPI_TxCpltCallback
                0x00000000       0x10 ..\obj\stm32f0xx_hal_spi.o
 .text.HAL_SPI_RxCpltCallback
                0x00000000       0x10 ..\obj\stm32f0xx_hal_spi.o
 .text.HAL_SPI_TxRxCpltCallback
                0x00000000       0x10 ..\obj\stm32f0xx_hal_spi.o
 .text.HAL_SPI_TxHalfCpltCallback
                0x00000000       0x10 ..\obj\stm32f0xx_hal_spi.o
 .text.HAL_SPI_RxHalfCpltCallback
                0x00000000       0x10 ..\obj\stm32f0xx_hal_spi.o
 .text.HAL_SPI_TxRxHalfCpltCallback
                0x00000000       0x10 ..\obj\stm32f0xx_hal_spi.o
 .text.HAL_SPI_AbortCpltCallback
                0x00000000       0x10 ..\obj\stm32f0xx_hal_spi.o
 .text.HAL_SPI_GetState
                0x00000000       0x18 ..\obj\stm32f0xx_hal_spi.o
 .text.HAL_SPI_GetError
                0x00000000       0x14 ..\obj\stm32f0xx_hal_spi.o
 .text.SPI_DMATransmitCplt
                0x00000000       0xb0 ..\obj\stm32f0xx_hal_spi.o
 .text.SPI_DMAReceiveCplt
                0x00000000       0x8e ..\obj\stm32f0xx_hal_spi.o
 .text.SPI_DMATransmitReceiveCplt
                0x00000000       0x9a ..\obj\stm32f0xx_hal_spi.o
 .text.SPI_DMAHalfTransmitCplt
                0x00000000       0x1e ..\obj\stm32f0xx_hal_spi.o
 .text.SPI_DMAHalfReceiveCplt
                0x00000000       0x1e ..\obj\stm32f0xx_hal_spi.o
 .text.SPI_DMAHalfTransmitReceiveCplt
                0x00000000       0x1e ..\obj\stm32f0xx_hal_spi.o
 .text.SPI_DMAError
                0x00000000       0x42 ..\obj\stm32f0xx_hal_spi.o
 .text.SPI_DMATxAbortCallback
                0x00000000       0xdc ..\obj\stm32f0xx_hal_spi.o
 .text.SPI_DMARxAbortCallback
                0x00000000       0xe0 ..\obj\stm32f0xx_hal_spi.o
 .text.SPI_2linesRxISR_8BIT
                0x00000000       0xbc ..\obj\stm32f0xx_hal_spi.o
 .text.SPI_2linesTxISR_8BIT
                0x00000000       0x92 ..\obj\stm32f0xx_hal_spi.o
 .text.SPI_2linesRxISR_16BIT
                0x00000000       0x68 ..\obj\stm32f0xx_hal_spi.o
 .text.SPI_2linesTxISR_16BIT
                0x00000000       0x62 ..\obj\stm32f0xx_hal_spi.o
 .text.SPI_RxISR_8BIT
                0x00000000       0x4c ..\obj\stm32f0xx_hal_spi.o
 .text.SPI_RxISR_16BIT
                0x00000000       0x4e ..\obj\stm32f0xx_hal_spi.o
 .text.SPI_TxISR_8BIT
                0x00000000       0x46 ..\obj\stm32f0xx_hal_spi.o
 .text.SPI_TxISR_16BIT
                0x00000000       0x46 ..\obj\stm32f0xx_hal_spi.o
 .text.SPI_WaitFlagStateUntilTimeout
                0x00000000       0xdc ..\obj\stm32f0xx_hal_spi.o
 .text.SPI_WaitFifoStateUntilTimeout
                0x00000000       0xf8 ..\obj\stm32f0xx_hal_spi.o
 .text.SPI_EndRxTransaction
                0x00000000       0xbc ..\obj\stm32f0xx_hal_spi.o
 .text.SPI_EndRxTxTransaction
                0x00000000       0x64 ..\obj\stm32f0xx_hal_spi.o
 .text.SPI_CloseRxTx_ISR
                0x00000000       0x90 ..\obj\stm32f0xx_hal_spi.o
 .text.SPI_CloseRx_ISR
                0x00000000       0x62 ..\obj\stm32f0xx_hal_spi.o
 .text.SPI_CloseTx_ISR
                0x00000000       0x88 ..\obj\stm32f0xx_hal_spi.o
 .text.SPI_AbortRx_ISR
                0x00000000       0x84 ..\obj\stm32f0xx_hal_spi.o
 .text.SPI_AbortTx_ISR
                0x00000000       0x80 ..\obj\stm32f0xx_hal_spi.o
 .text          0x00000000        0x0 ..\obj\stm32f0xx_hal_i2c.o
 .data          0x00000000        0x0 ..\obj\stm32f0xx_hal_i2c.o
 .bss           0x00000000        0x0 ..\obj\stm32f0xx_hal_i2c.o
 .text.HAL_I2C_DeInit
                0x00000000       0x60 ..\obj\stm32f0xx_hal_i2c.o
 .text.HAL_I2C_MspInit
                0x00000000       0x10 ..\obj\stm32f0xx_hal_i2c.o
 .text.HAL_I2C_MspDeInit
                0x00000000       0x10 ..\obj\stm32f0xx_hal_i2c.o
 .text.HAL_I2C_Master_Transmit
                0x00000000      0x228 ..\obj\stm32f0xx_hal_i2c.o
 .text.HAL_I2C_Master_Receive
                0x00000000      0x228 ..\obj\stm32f0xx_hal_i2c.o
 .text.HAL_I2C_Slave_Transmit
                0x00000000      0x230 ..\obj\stm32f0xx_hal_i2c.o
 .text.HAL_I2C_Slave_Receive
                0x00000000      0x220 ..\obj\stm32f0xx_hal_i2c.o
 .text.HAL_I2C_Master_Transmit_IT
                0x00000000       0xfc ..\obj\stm32f0xx_hal_i2c.o
 .text.HAL_I2C_Master_Receive_IT
                0x00000000       0xfc ..\obj\stm32f0xx_hal_i2c.o
 .text.HAL_I2C_Slave_Transmit_IT
                0x00000000       0xa8 ..\obj\stm32f0xx_hal_i2c.o
 .text.HAL_I2C_Slave_Receive_IT
                0x00000000       0xa8 ..\obj\stm32f0xx_hal_i2c.o
 .text.HAL_I2C_Master_Transmit_DMA
                0x00000000      0x1a4 ..\obj\stm32f0xx_hal_i2c.o
 .text.HAL_I2C_Master_Receive_DMA
                0x00000000      0x1a4 ..\obj\stm32f0xx_hal_i2c.o
 .text.HAL_I2C_Slave_Transmit_DMA
                0x00000000      0x108 ..\obj\stm32f0xx_hal_i2c.o
 .text.HAL_I2C_Slave_Receive_DMA
                0x00000000      0x108 ..\obj\stm32f0xx_hal_i2c.o
 .text.HAL_I2C_Mem_Write
                0x00000000      0x280 ..\obj\stm32f0xx_hal_i2c.o
 .text.HAL_I2C_Mem_Read
                0x00000000      0x280 ..\obj\stm32f0xx_hal_i2c.o
 .text.HAL_I2C_Mem_Write_IT
                0x00000000      0x164 ..\obj\stm32f0xx_hal_i2c.o
 .text.HAL_I2C_Mem_Read_IT
                0x00000000      0x168 ..\obj\stm32f0xx_hal_i2c.o
 .text.HAL_I2C_Mem_Write_DMA
                0x00000000      0x1c8 ..\obj\stm32f0xx_hal_i2c.o
 .text.HAL_I2C_Mem_Read_DMA
                0x00000000      0x1c8 ..\obj\stm32f0xx_hal_i2c.o
 .text.HAL_I2C_IsDeviceReady
                0x00000000      0x1d0 ..\obj\stm32f0xx_hal_i2c.o
 .text.HAL_I2C_Master_Sequential_Transmit_IT
                0x00000000       0xf0 ..\obj\stm32f0xx_hal_i2c.o
 .text.HAL_I2C_Master_Sequential_Receive_IT
                0x00000000       0xf0 ..\obj\stm32f0xx_hal_i2c.o
 .text.HAL_I2C_Slave_Sequential_Transmit_IT
                0x00000000       0xf4 ..\obj\stm32f0xx_hal_i2c.o
 .text.HAL_I2C_Slave_Sequential_Receive_IT
                0x00000000       0xf4 ..\obj\stm32f0xx_hal_i2c.o
 .text.HAL_I2C_EnableListen_IT
                0x00000000       0x40 ..\obj\stm32f0xx_hal_i2c.o
 .text.HAL_I2C_DisableListen_IT
                0x00000000       0x64 ..\obj\stm32f0xx_hal_i2c.o
 .text.HAL_I2C_Master_Abort_IT
                0x00000000       0x84 ..\obj\stm32f0xx_hal_i2c.o
 .text.HAL_I2C_MasterTxCpltCallback
                0x00000000       0x10 ..\obj\stm32f0xx_hal_i2c.o
 .text.HAL_I2C_MasterRxCpltCallback
                0x00000000       0x10 ..\obj\stm32f0xx_hal_i2c.o
 .text.HAL_I2C_MemTxCpltCallback
                0x00000000       0x10 ..\obj\stm32f0xx_hal_i2c.o
 .text.HAL_I2C_MemRxCpltCallback
                0x00000000       0x10 ..\obj\stm32f0xx_hal_i2c.o
 .text.HAL_I2C_GetState
                0x00000000       0x18 ..\obj\stm32f0xx_hal_i2c.o
 .text.HAL_I2C_GetMode
                0x00000000       0x18 ..\obj\stm32f0xx_hal_i2c.o
 .text.HAL_I2C_GetError
                0x00000000       0x14 ..\obj\stm32f0xx_hal_i2c.o
 .text.I2C_Master_ISR_IT
                0x00000000      0x24c ..\obj\stm32f0xx_hal_i2c.o
 .text.I2C_Master_ISR_DMA
                0x00000000      0x164 ..\obj\stm32f0xx_hal_i2c.o
 .text.I2C_Slave_ISR_DMA
                0x00000000       0xc8 ..\obj\stm32f0xx_hal_i2c.o
 .text.I2C_RequestMemoryWrite
                0x00000000       0xde ..\obj\stm32f0xx_hal_i2c.o
 .text.I2C_RequestMemoryRead
                0x00000000       0xda ..\obj\stm32f0xx_hal_i2c.o
 .text.I2C_ITMasterSequentialCplt
                0x00000000       0x82 ..\obj\stm32f0xx_hal_i2c.o
 .text.I2C_ITMasterCplt
                0x00000000      0x13c ..\obj\stm32f0xx_hal_i2c.o
 .text.I2C_DMAMasterTransmitCplt
                0x00000000       0x90 ..\obj\stm32f0xx_hal_i2c.o
 .text.I2C_DMASlaveTransmitCplt
                0x00000000       0x10 ..\obj\stm32f0xx_hal_i2c.o
 .text.I2C_DMAMasterReceiveCplt
                0x00000000       0x90 ..\obj\stm32f0xx_hal_i2c.o
 .text.I2C_DMASlaveReceiveCplt
                0x00000000       0x10 ..\obj\stm32f0xx_hal_i2c.o
 .text.I2C_DMAError
                0x00000000       0x32 ..\obj\stm32f0xx_hal_i2c.o
 .text.I2C_WaitOnFlagUntilTimeout
                0x00000000       0x72 ..\obj\stm32f0xx_hal_i2c.o
 .text.I2C_WaitOnTXISFlagUntilTimeout
                0x00000000       0x7e ..\obj\stm32f0xx_hal_i2c.o
 .text.I2C_WaitOnSTOPFlagUntilTimeout
                0x00000000       0x78 ..\obj\stm32f0xx_hal_i2c.o
 .text.I2C_WaitOnRXNEFlagUntilTimeout
                0x00000000       0xbc ..\obj\stm32f0xx_hal_i2c.o
 .text.I2C_IsAcknowledgeFailed
                0x00000000       0xbc ..\obj\stm32f0xx_hal_i2c.o
 .text.I2C_TransferConfig
                0x00000000       0x70 ..\obj\stm32f0xx_hal_i2c.o
 .text.I2C_Enable_IRQ
                0x00000000       0xe4 ..\obj\stm32f0xx_hal_i2c.o
 .text          0x00000000        0x0 ..\obj\stm32f0xx_hal_msp.o
 .data          0x00000000        0x0 ..\obj\stm32f0xx_hal_msp.o
 .bss           0x00000000        0x0 ..\obj\stm32f0xx_hal_msp.o
 .text          0x00000000        0x0 ..\obj\stm32f0xx_hal_flash.o
 .data          0x00000000        0x0 ..\obj\stm32f0xx_hal_flash.o
 .bss           0x00000000        0x0 ..\obj\stm32f0xx_hal_flash.o
 .text.HAL_FLASH_Program
                0x00000000      0x130 ..\obj\stm32f0xx_hal_flash.o
 .text.HAL_FLASH_Program_IT
                0x00000000       0xa0 ..\obj\stm32f0xx_hal_flash.o
 .text.HAL_FLASH_IRQHandler
                0x00000000      0x1d0 ..\obj\stm32f0xx_hal_flash.o
 .text.HAL_FLASH_EndOfOperationCallback
                0x00000000       0x10 ..\obj\stm32f0xx_hal_flash.o
 .text.HAL_FLASH_OperationErrorCallback
                0x00000000       0x10 ..\obj\stm32f0xx_hal_flash.o
 .text.HAL_FLASH_Unlock
                0x00000000       0x34 ..\obj\stm32f0xx_hal_flash.o
 .text.HAL_FLASH_Lock
                0x00000000       0x1c ..\obj\stm32f0xx_hal_flash.o
 .text.HAL_FLASH_OB_Unlock
                0x00000000       0x34 ..\obj\stm32f0xx_hal_flash.o
 .text.HAL_FLASH_OB_Lock
                0x00000000       0x20 ..\obj\stm32f0xx_hal_flash.o
 .text.HAL_FLASH_OB_Launch
                0x00000000       0x2c ..\obj\stm32f0xx_hal_flash.o
 .text.HAL_FLASH_GetError
                0x00000000       0x14 ..\obj\stm32f0xx_hal_flash.o
 .text.FLASH_Program_HalfWord
                0x00000000       0x38 ..\obj\stm32f0xx_hal_flash.o
 .text.FLASH_WaitForLastOperation
                0x00000000       0x80 ..\obj\stm32f0xx_hal_flash.o
 .text.FLASH_SetErrorCode
                0x00000000       0x60 ..\obj\stm32f0xx_hal_flash.o
 .debug_info    0x00000000      0xd26 ..\obj\stm32f0xx_hal_flash.o
 .debug_abbrev  0x00000000      0x2ba ..\obj\stm32f0xx_hal_flash.o
 .debug_aranges
                0x00000000       0x88 ..\obj\stm32f0xx_hal_flash.o
 .debug_ranges  0x00000000       0x78 ..\obj\stm32f0xx_hal_flash.o
 .debug_line    0x00000000      0x560 ..\obj\stm32f0xx_hal_flash.o
 .debug_str     0x00000000      0x99f ..\obj\stm32f0xx_hal_flash.o
 .comment       0x00000000       0x6f ..\obj\stm32f0xx_hal_flash.o
 .debug_frame   0x00000000      0x1c0 ..\obj\stm32f0xx_hal_flash.o
 .ARM.attributes
                0x00000000       0x31 ..\obj\stm32f0xx_hal_flash.o
 COMMON         0x00000000       0x20 ..\obj\stm32f0xx_hal_flash.o
 .text          0x00000000        0x0 ..\obj\adc.o
 .data          0x00000000        0x0 ..\obj\adc.o
 .bss           0x00000000        0x0 ..\obj\adc.o
 .text.HAL_ADC_MspDeInit
                0x00000000       0x48 ..\obj\adc.o
 .text          0x00000000        0x0 ..\obj\stm32f0xx_hal_i2c_ex.o
 .data          0x00000000        0x0 ..\obj\stm32f0xx_hal_i2c_ex.o
 .bss           0x00000000        0x0 ..\obj\stm32f0xx_hal_i2c_ex.o
 .text.HAL_I2CEx_ConfigDigitalFilter
                0x00000000       0x9c ..\obj\stm32f0xx_hal_i2c_ex.o
 .text.HAL_I2CEx_EnableFastModePlus
                0x00000000       0x3c ..\obj\stm32f0xx_hal_i2c_ex.o
 .text.HAL_I2CEx_DisableFastModePlus
                0x00000000       0x40 ..\obj\stm32f0xx_hal_i2c_ex.o
 .text          0x00000000        0x0 ..\obj\system_stm32f0xx.o
 .bss           0x00000000        0x0 ..\obj\system_stm32f0xx.o
 .text.SystemCoreClockUpdate
                0x00000000       0xd8 ..\obj\system_stm32f0xx.o
 .text          0x00000000        0x0 ..\obj\stm32f0xx_it.o
 .data          0x00000000        0x0 ..\obj\stm32f0xx_it.o
 .bss           0x00000000        0x0 ..\obj\stm32f0xx_it.o
 .text          0x00000000        0x0 ..\obj\stm32f0xx_hal_pwr_ex.o
 .data          0x00000000        0x0 ..\obj\stm32f0xx_hal_pwr_ex.o
 .bss           0x00000000        0x0 ..\obj\stm32f0xx_hal_pwr_ex.o
 .debug_info    0x00000000      0x905 ..\obj\stm32f0xx_hal_pwr_ex.o
 .debug_abbrev  0x00000000      0x18b ..\obj\stm32f0xx_hal_pwr_ex.o
 .debug_aranges
                0x00000000       0x18 ..\obj\stm32f0xx_hal_pwr_ex.o
 .debug_line    0x00000000      0x21d ..\obj\stm32f0xx_hal_pwr_ex.o
 .debug_str     0x00000000      0x66d ..\obj\stm32f0xx_hal_pwr_ex.o
 .comment       0x00000000       0x6f ..\obj\stm32f0xx_hal_pwr_ex.o
 .ARM.attributes
                0x00000000       0x31 ..\obj\stm32f0xx_hal_pwr_ex.o
 .text          0x00000000        0x0 ..\obj\stm32f0xx_hal_tim_ex.o
 .data          0x00000000        0x0 ..\obj\stm32f0xx_hal_tim_ex.o
 .bss           0x00000000        0x0 ..\obj\stm32f0xx_hal_tim_ex.o
 .text.HAL_TIMEx_HallSensor_Init
                0x00000000      0x148 ..\obj\stm32f0xx_hal_tim_ex.o
 .text.HAL_TIMEx_HallSensor_DeInit
                0x00000000       0x64 ..\obj\stm32f0xx_hal_tim_ex.o
 .text.HAL_TIMEx_HallSensor_MspInit
                0x00000000       0x10 ..\obj\stm32f0xx_hal_tim_ex.o
 .text.HAL_TIMEx_HallSensor_MspDeInit
                0x00000000       0x10 ..\obj\stm32f0xx_hal_tim_ex.o
 .text.HAL_TIMEx_HallSensor_Start
                0x00000000       0x30 ..\obj\stm32f0xx_hal_tim_ex.o
 .text.HAL_TIMEx_HallSensor_Stop
                0x00000000       0x50 ..\obj\stm32f0xx_hal_tim_ex.o
 .text.HAL_TIMEx_HallSensor_Start_IT
                0x00000000       0x40 ..\obj\stm32f0xx_hal_tim_ex.o
 .text.HAL_TIMEx_HallSensor_Stop_IT
                0x00000000       0x60 ..\obj\stm32f0xx_hal_tim_ex.o
 .text.HAL_TIMEx_HallSensor_Start_DMA
                0x00000000       0xac ..\obj\stm32f0xx_hal_tim_ex.o
 .text.HAL_TIMEx_HallSensor_Stop_DMA
                0x00000000       0x64 ..\obj\stm32f0xx_hal_tim_ex.o
 .text.HAL_TIMEx_OCN_Start
                0x00000000       0x44 ..\obj\stm32f0xx_hal_tim_ex.o
 .text.HAL_TIMEx_OCN_Stop
                0x00000000       0x80 ..\obj\stm32f0xx_hal_tim_ex.o
 .text.HAL_TIMEx_OCN_Start_IT
                0x00000000       0xb4 ..\obj\stm32f0xx_hal_tim_ex.o
 .text.HAL_TIMEx_OCN_Stop_IT
                0x00000000      0x104 ..\obj\stm32f0xx_hal_tim_ex.o
 .text.HAL_TIMEx_OCN_Start_DMA
                0x00000000      0x18c ..\obj\stm32f0xx_hal_tim_ex.o
 .text.HAL_TIMEx_OCN_Stop_DMA
                0x00000000       0xf8 ..\obj\stm32f0xx_hal_tim_ex.o
 .text.HAL_TIMEx_PWMN_Start
                0x00000000       0x44 ..\obj\stm32f0xx_hal_tim_ex.o
 .text.HAL_TIMEx_PWMN_Stop
                0x00000000       0x80 ..\obj\stm32f0xx_hal_tim_ex.o
 .text.HAL_TIMEx_PWMN_Start_IT
                0x00000000       0xb4 ..\obj\stm32f0xx_hal_tim_ex.o
 .text.HAL_TIMEx_PWMN_Stop_IT
                0x00000000      0x104 ..\obj\stm32f0xx_hal_tim_ex.o
 .text.HAL_TIMEx_PWMN_Start_DMA
                0x00000000      0x18c ..\obj\stm32f0xx_hal_tim_ex.o
 .text.HAL_TIMEx_PWMN_Stop_DMA
                0x00000000       0xf8 ..\obj\stm32f0xx_hal_tim_ex.o
 .text.HAL_TIMEx_OnePulseN_Start
                0x00000000       0x34 ..\obj\stm32f0xx_hal_tim_ex.o
 .text.HAL_TIMEx_OnePulseN_Stop
                0x00000000       0x80 ..\obj\stm32f0xx_hal_tim_ex.o
 .text.HAL_TIMEx_OnePulseN_Start_IT
                0x00000000       0x54 ..\obj\stm32f0xx_hal_tim_ex.o
 .text.HAL_TIMEx_OnePulseN_Stop_IT
                0x00000000       0xa0 ..\obj\stm32f0xx_hal_tim_ex.o
 .text.HAL_TIMEx_ConfigCommutationEvent
                0x00000000       0x9c ..\obj\stm32f0xx_hal_tim_ex.o
 .text.HAL_TIMEx_ConfigCommutationEvent_IT
                0x00000000       0xac ..\obj\stm32f0xx_hal_tim_ex.o
 .text.HAL_TIMEx_ConfigCommutationEvent_DMA
                0x00000000       0xc8 ..\obj\stm32f0xx_hal_tim_ex.o
 .text.HAL_TIMEx_RemapConfig
                0x00000000       0x42 ..\obj\stm32f0xx_hal_tim_ex.o
 .text.HAL_TIMEx_CommutationCallback
                0x00000000       0x10 ..\obj\stm32f0xx_hal_tim_ex.o
 .text.HAL_TIMEx_BreakCallback
                0x00000000       0x10 ..\obj\stm32f0xx_hal_tim_ex.o
 .text.TIMEx_DMACommutationCplt
                0x00000000       0x26 ..\obj\stm32f0xx_hal_tim_ex.o
 .text.HAL_TIMEx_HallSensor_GetState
                0x00000000       0x18 ..\obj\stm32f0xx_hal_tim_ex.o
 .text.TIM_CCxNChannelCmd
                0x00000000       0x42 ..\obj\stm32f0xx_hal_tim_ex.o
 .text          0x00000000        0x0 ..\obj\stm32f0xx_hal_uart_ex.o
 .data          0x00000000        0x0 ..\obj\stm32f0xx_hal_uart_ex.o
 .bss           0x00000000        0x0 ..\obj\stm32f0xx_hal_uart_ex.o
 .text.HAL_RS485Ex_Init
                0x00000000       0xe8 ..\obj\stm32f0xx_hal_uart_ex.o
 .text.HAL_MultiProcessorEx_AddressLength_Set
                0x00000000       0x64 ..\obj\stm32f0xx_hal_uart_ex.o
 .debug_info    0x00000000      0xee7 ..\obj\stm32f0xx_hal_uart_ex.o
 .debug_abbrev  0x00000000      0x220 ..\obj\stm32f0xx_hal_uart_ex.o
 .debug_aranges
                0x00000000       0x28 ..\obj\stm32f0xx_hal_uart_ex.o
 .debug_ranges  0x00000000       0x18 ..\obj\stm32f0xx_hal_uart_ex.o
 .debug_line    0x00000000      0x3e5 ..\obj\stm32f0xx_hal_uart_ex.o
 .debug_str     0x00000000      0xb8a ..\obj\stm32f0xx_hal_uart_ex.o
 .comment       0x00000000       0x6f ..\obj\stm32f0xx_hal_uart_ex.o
 .debug_frame   0x00000000       0x50 ..\obj\stm32f0xx_hal_uart_ex.o
 .ARM.attributes
                0x00000000       0x31 ..\obj\stm32f0xx_hal_uart_ex.o
 .text          0x00000000        0x0 ..\obj\stm32f0xx_hal_tim.o
 .data          0x00000000        0x0 ..\obj\stm32f0xx_hal_tim.o
 .bss           0x00000000        0x0 ..\obj\stm32f0xx_hal_tim.o
 .text.HAL_TIM_Base_DeInit
                0x00000000       0x64 ..\obj\stm32f0xx_hal_tim.o
 .text.HAL_TIM_Base_MspInit
                0x00000000       0x10 ..\obj\stm32f0xx_hal_tim.o
 .text.HAL_TIM_Base_MspDeInit
                0x00000000       0x10 ..\obj\stm32f0xx_hal_tim.o
 .text.HAL_TIM_Base_Start
                0x00000000       0x32 ..\obj\stm32f0xx_hal_tim.o
 .text.HAL_TIM_Base_Stop
                0x00000000       0x54 ..\obj\stm32f0xx_hal_tim.o
 .text.HAL_TIM_Base_Start_IT
                0x00000000       0x32 ..\obj\stm32f0xx_hal_tim.o
 .text.HAL_TIM_Base_Stop_IT
                0x00000000       0x54 ..\obj\stm32f0xx_hal_tim.o
 .text.HAL_TIM_Base_Start_DMA
                0x00000000       0xa0 ..\obj\stm32f0xx_hal_tim.o
 .text.HAL_TIM_Base_Stop_DMA
                0x00000000       0x60 ..\obj\stm32f0xx_hal_tim.o
 .text.HAL_TIM_OC_Init
                0x00000000       0x58 ..\obj\stm32f0xx_hal_tim.o
 .text.HAL_TIM_OC_DeInit
                0x00000000       0x64 ..\obj\stm32f0xx_hal_tim.o
 .text.HAL_TIM_OC_MspInit
                0x00000000       0x10 ..\obj\stm32f0xx_hal_tim.o
 .text.HAL_TIM_OC_MspDeInit
                0x00000000       0x10 ..\obj\stm32f0xx_hal_tim.o
 .text.HAL_TIM_OC_Start
                0x00000000       0x88 ..\obj\stm32f0xx_hal_tim.o
 .text.HAL_TIM_OC_Stop
                0x00000000       0xc0 ..\obj\stm32f0xx_hal_tim.o
 .text.HAL_TIM_OC_Start_IT
                0x00000000       0xe8 ..\obj\stm32f0xx_hal_tim.o
 .text.HAL_TIM_OC_Stop_IT
                0x00000000      0x120 ..\obj\stm32f0xx_hal_tim.o
 .text.HAL_TIM_OC_Start_DMA
                0x00000000      0x1cc ..\obj\stm32f0xx_hal_tim.o
 .text.HAL_TIM_OC_Stop_DMA
                0x00000000      0x138 ..\obj\stm32f0xx_hal_tim.o
 .text.HAL_TIM_PWM_DeInit
                0x00000000       0x64 ..\obj\stm32f0xx_hal_tim.o
 .text.HAL_TIM_PWM_MspDeInit
                0x00000000       0x10 ..\obj\stm32f0xx_hal_tim.o
 .text.HAL_TIM_PWM_Start
                0x00000000       0x88 ..\obj\stm32f0xx_hal_tim.o
 .text.HAL_TIM_PWM_Stop
                0x00000000       0xc8 ..\obj\stm32f0xx_hal_tim.o
 .text.HAL_TIM_PWM_Start_IT
                0x00000000       0xe8 ..\obj\stm32f0xx_hal_tim.o
 .text.HAL_TIM_PWM_Stop_IT
                0x00000000      0x120 ..\obj\stm32f0xx_hal_tim.o
 .text.HAL_TIM_PWM_Start_DMA
                0x00000000      0x1cc ..\obj\stm32f0xx_hal_tim.o
 .text.HAL_TIM_PWM_Stop_DMA
                0x00000000      0x138 ..\obj\stm32f0xx_hal_tim.o
 .text.HAL_TIM_IC_Init
                0x00000000       0x58 ..\obj\stm32f0xx_hal_tim.o
 .text.HAL_TIM_IC_DeInit
                0x00000000       0x64 ..\obj\stm32f0xx_hal_tim.o
 .text.HAL_TIM_IC_MspInit
                0x00000000       0x10 ..\obj\stm32f0xx_hal_tim.o
 .text.HAL_TIM_IC_MspDeInit
                0x00000000       0x10 ..\obj\stm32f0xx_hal_tim.o
 .text.HAL_TIM_IC_Start
                0x00000000       0x32 ..\obj\stm32f0xx_hal_tim.o
 .text.HAL_TIM_IC_Stop
                0x00000000       0x54 ..\obj\stm32f0xx_hal_tim.o
 .text.HAL_TIM_IC_Start_IT
                0x00000000       0x92 ..\obj\stm32f0xx_hal_tim.o
 .text.HAL_TIM_IC_Stop_IT
                0x00000000       0xb4 ..\obj\stm32f0xx_hal_tim.o
 .text.HAL_TIM_IC_Start_DMA
                0x00000000      0x178 ..\obj\stm32f0xx_hal_tim.o
 .text.HAL_TIM_IC_Stop_DMA
                0x00000000       0xcc ..\obj\stm32f0xx_hal_tim.o
 .text.HAL_TIM_OnePulse_Init
                0x00000000       0x7a ..\obj\stm32f0xx_hal_tim.o
 .text.HAL_TIM_OnePulse_DeInit
                0x00000000       0x64 ..\obj\stm32f0xx_hal_tim.o
 .text.HAL_TIM_OnePulse_MspInit
                0x00000000       0x10 ..\obj\stm32f0xx_hal_tim.o
 .text.HAL_TIM_OnePulse_MspDeInit
                0x00000000       0x10 ..\obj\stm32f0xx_hal_tim.o
 .text.HAL_TIM_OnePulse_Start
                0x00000000       0x84 ..\obj\stm32f0xx_hal_tim.o
 .text.HAL_TIM_OnePulse_Stop
                0x00000000       0xd0 ..\obj\stm32f0xx_hal_tim.o
 .text.HAL_TIM_OnePulse_Start_IT
                0x00000000       0xa4 ..\obj\stm32f0xx_hal_tim.o
 .text.HAL_TIM_OnePulse_Stop_IT
                0x00000000       0xf0 ..\obj\stm32f0xx_hal_tim.o
 .text.HAL_TIM_Encoder_Init
                0x00000000      0x130 ..\obj\stm32f0xx_hal_tim.o
 .text.HAL_TIM_Encoder_DeInit
                0x00000000       0x64 ..\obj\stm32f0xx_hal_tim.o
 .text.HAL_TIM_Encoder_MspInit
                0x00000000       0x10 ..\obj\stm32f0xx_hal_tim.o
 .text.HAL_TIM_Encoder_MspDeInit
                0x00000000       0x10 ..\obj\stm32f0xx_hal_tim.o
 .text.HAL_TIM_Encoder_Start
                0x00000000       0x6e ..\obj\stm32f0xx_hal_tim.o
 .text.HAL_TIM_Encoder_Stop
                0x00000000       0x90 ..\obj\stm32f0xx_hal_tim.o
 .text.HAL_TIM_Encoder_Start_IT
                0x00000000       0xae ..\obj\stm32f0xx_hal_tim.o
 .text.HAL_TIM_Encoder_Stop_IT
                0x00000000       0xd4 ..\obj\stm32f0xx_hal_tim.o
 .text.HAL_TIM_Encoder_Start_DMA
                0x00000000      0x1c4 ..\obj\stm32f0xx_hal_tim.o
 .text.HAL_TIM_Encoder_Stop_DMA
                0x00000000       0xdc ..\obj\stm32f0xx_hal_tim.o
 .text.HAL_TIM_IRQHandler
                0x00000000      0x22c ..\obj\stm32f0xx_hal_tim.o
 .text.HAL_TIM_OC_ConfigChannel
                0x00000000       0x9c ..\obj\stm32f0xx_hal_tim.o
 .text.HAL_TIM_IC_ConfigChannel
                0x00000000      0x13c ..\obj\stm32f0xx_hal_tim.o
 .text.HAL_TIM_OnePulse_ConfigChannel
                0x00000000      0x19c ..\obj\stm32f0xx_hal_tim.o
 .text.HAL_TIM_DMABurst_WriteStart
                0x00000000      0x1f4 ..\obj\stm32f0xx_hal_tim.o
 .text.HAL_TIM_DMABurst_WriteStop
                0x00000000       0xc0 ..\obj\stm32f0xx_hal_tim.o
 .text.HAL_TIM_DMABurst_ReadStart
                0x00000000      0x1f4 ..\obj\stm32f0xx_hal_tim.o
 .text.HAL_TIM_DMABurst_ReadStop
                0x00000000       0xc0 ..\obj\stm32f0xx_hal_tim.o
 .text.HAL_TIM_GenerateEvent
                0x00000000       0x4a ..\obj\stm32f0xx_hal_tim.o
 .text.HAL_TIM_ConfigOCrefClear
                0x00000000      0x174 ..\obj\stm32f0xx_hal_tim.o
 .text.HAL_TIM_ConfigTI1Input
                0x00000000       0x38 ..\obj\stm32f0xx_hal_tim.o
 .text.HAL_TIM_SlaveConfigSynchronization
                0x00000000       0x74 ..\obj\stm32f0xx_hal_tim.o
 .text.HAL_TIM_SlaveConfigSynchronization_IT
                0x00000000       0x74 ..\obj\stm32f0xx_hal_tim.o
 .text.HAL_TIM_ReadCapturedValue
                0x00000000       0x76 ..\obj\stm32f0xx_hal_tim.o
 .text.HAL_TIM_PeriodElapsedCallback
                0x00000000       0x10 ..\obj\stm32f0xx_hal_tim.o
 .text.HAL_TIM_OC_DelayElapsedCallback
                0x00000000       0x10 ..\obj\stm32f0xx_hal_tim.o
 .text.HAL_TIM_IC_CaptureCallback
                0x00000000       0x10 ..\obj\stm32f0xx_hal_tim.o
 .text.HAL_TIM_PWM_PulseFinishedCallback
                0x00000000       0x10 ..\obj\stm32f0xx_hal_tim.o
 .text.HAL_TIM_TriggerCallback
                0x00000000       0x10 ..\obj\stm32f0xx_hal_tim.o
 .text.HAL_TIM_ErrorCallback
                0x00000000       0x10 ..\obj\stm32f0xx_hal_tim.o
 .text.HAL_TIM_Base_GetState
                0x00000000       0x18 ..\obj\stm32f0xx_hal_tim.o
 .text.HAL_TIM_OC_GetState
                0x00000000       0x18 ..\obj\stm32f0xx_hal_tim.o
 .text.HAL_TIM_PWM_GetState
                0x00000000       0x18 ..\obj\stm32f0xx_hal_tim.o
 .text.HAL_TIM_IC_GetState
                0x00000000       0x18 ..\obj\stm32f0xx_hal_tim.o
 .text.HAL_TIM_OnePulse_GetState
                0x00000000       0x18 ..\obj\stm32f0xx_hal_tim.o
 .text.HAL_TIM_Encoder_GetState
                0x00000000       0x18 ..\obj\stm32f0xx_hal_tim.o
 .text.TIM_DMAError
                0x00000000       0x26 ..\obj\stm32f0xx_hal_tim.o
 .text.TIM_DMADelayPulseCplt
                0x00000000       0x72 ..\obj\stm32f0xx_hal_tim.o
 .text.TIM_DMACaptureCplt
                0x00000000       0x72 ..\obj\stm32f0xx_hal_tim.o
 .text.TIM_DMAPeriodElapsedCplt
                0x00000000       0x26 ..\obj\stm32f0xx_hal_tim.o
 .text.TIM_DMATriggerCplt
                0x00000000       0x26 ..\obj\stm32f0xx_hal_tim.o
 .text.TIM_SlaveTimer_SetConfig
                0x00000000      0x112 ..\obj\stm32f0xx_hal_tim.o
 .text.TIM_TI1_SetConfig
                0x00000000       0xb8 ..\obj\stm32f0xx_hal_tim.o
 .text.TIM_TI2_SetConfig
                0x00000000       0x8c ..\obj\stm32f0xx_hal_tim.o
 .text.TIM_TI3_SetConfig
                0x00000000       0x88 ..\obj\stm32f0xx_hal_tim.o
 .text.TIM_TI4_SetConfig
                0x00000000       0x94 ..\obj\stm32f0xx_hal_tim.o
 .text.TIM_CCxChannelCmd
                0x00000000       0x42 ..\obj\stm32f0xx_hal_tim.o
 .text          0x00000000        0x0 ..\obj\stm32f0xx_hal_gpio.o
 .data          0x00000000        0x0 ..\obj\stm32f0xx_hal_gpio.o
 .bss           0x00000000        0x0 ..\obj\stm32f0xx_hal_gpio.o
 .text.HAL_GPIO_DeInit
                0x00000000      0x1a8 ..\obj\stm32f0xx_hal_gpio.o
 .text.HAL_GPIO_ReadPin
                0x00000000       0x3a ..\obj\stm32f0xx_hal_gpio.o
 .text.HAL_GPIO_TogglePin
                0x00000000       0x24 ..\obj\stm32f0xx_hal_gpio.o
 .text.HAL_GPIO_LockPin
                0x00000000       0x52 ..\obj\stm32f0xx_hal_gpio.o
 .text.HAL_GPIO_EXTI_IRQHandler
                0x00000000       0x38 ..\obj\stm32f0xx_hal_gpio.o
 .text.HAL_GPIO_EXTI_Callback
                0x00000000       0x14 ..\obj\stm32f0xx_hal_gpio.o
 .text          0x00000000        0x0 ..\obj\dma.o
 .data          0x00000000        0x0 ..\obj\dma.o
 .bss           0x00000000        0x0 ..\obj\dma.o
 .text          0x00000000        0x0 ..\obj\usart.o
 .data          0x00000000        0x0 ..\obj\usart.o
 .bss           0x00000000        0x0 ..\obj\usart.o
 .text.HAL_UART_MspDeInit
                0x00000000       0x48 ..\obj\usart.o
 .data          0x00000000        0x0 c:/program files (x86)/gnu tools arm embedded/6.2 2016q4/bin/../lib/gcc/arm-none-eabi/6.2.1/thumb/v6-m\libgcc.a(_udivsi3.o)
 .bss           0x00000000        0x0 c:/program files (x86)/gnu tools arm embedded/6.2 2016q4/bin/../lib/gcc/arm-none-eabi/6.2.1/thumb/v6-m\libgcc.a(_udivsi3.o)
 .data          0x00000000        0x0 c:/program files (x86)/gnu tools arm embedded/6.2 2016q4/bin/../lib/gcc/arm-none-eabi/6.2.1/thumb/v6-m\libgcc.a(_dvmd_tls.o)
 .bss           0x00000000        0x0 c:/program files (x86)/gnu tools arm embedded/6.2 2016q4/bin/../lib/gcc/arm-none-eabi/6.2.1/thumb/v6-m\libgcc.a(_dvmd_tls.o)
 .text          0x00000000        0x0 c:/program files (x86)/gnu tools arm embedded/6.2 2016q4/bin/../lib/gcc/arm-none-eabi/6.2.1/../../../../arm-none-eabi/lib/thumb/v6-m\libg.a(lib_a-memcpy-stub.o)
 .data          0x00000000        0x0 c:/program files (x86)/gnu tools arm embedded/6.2 2016q4/bin/../lib/gcc/arm-none-eabi/6.2.1/../../../../arm-none-eabi/lib/thumb/v6-m\libg.a(lib_a-memcpy-stub.o)
 .bss           0x00000000        0x0 c:/program files (x86)/gnu tools arm embedded/6.2 2016q4/bin/../lib/gcc/arm-none-eabi/6.2.1/../../../../arm-none-eabi/lib/thumb/v6-m\libg.a(lib_a-memcpy-stub.o)
 .text          0x00000000        0x0 c:/program files (x86)/gnu tools arm embedded/6.2 2016q4/bin/../lib/gcc/arm-none-eabi/6.2.1/../../../../arm-none-eabi/lib/thumb/v6-m\libg.a(lib_a-memset.o)
 .data          0x00000000        0x0 c:/program files (x86)/gnu tools arm embedded/6.2 2016q4/bin/../lib/gcc/arm-none-eabi/6.2.1/../../../../arm-none-eabi/lib/thumb/v6-m\libg.a(lib_a-memset.o)
 .bss           0x00000000        0x0 c:/program files (x86)/gnu tools arm embedded/6.2 2016q4/bin/../lib/gcc/arm-none-eabi/6.2.1/../../../../arm-none-eabi/lib/thumb/v6-m\libg.a(lib_a-memset.o)
 .text.memset   0x00000000       0x94 c:/program files (x86)/gnu tools arm embedded/6.2 2016q4/bin/../lib/gcc/arm-none-eabi/6.2.1/../../../../arm-none-eabi/lib/thumb/v6-m\libg.a(lib_a-memset.o)
 .debug_frame   0x00000000       0x30 c:/program files (x86)/gnu tools arm embedded/6.2 2016q4/bin/../lib/gcc/arm-none-eabi/6.2.1/../../../../arm-none-eabi/lib/thumb/v6-m\libg.a(lib_a-memset.o)
 .ARM.attributes
                0x00000000       0x2c c:/program files (x86)/gnu tools arm embedded/6.2 2016q4/bin/../lib/gcc/arm-none-eabi/6.2.1/../../../../arm-none-eabi/lib/thumb/v6-m\libg.a(lib_a-memset.o)

Memory Configuration

Name             Origin             Length             Attributes
rom              0x08000000         0x00010000         xr
ram              0x20000000         0x00002000         xrw
*default*        0x00000000         0xffffffff

Linker script and memory map

                0x20002000                _eram = 0x20002000

.text           0x08000000     0x4c24
 *(.isr_vector)
 .isr_vector    0x08000000       0xc4 ..\obj\startup_stm32f0xx.o
                0x08000000                g_pfnVectors
 *(.text*)
 .text.MX_SPI1_Init
                0x080000c4       0x74 ..\obj\spi.o
                0x080000c4                MX_SPI1_Init
 .text.HAL_SPI_MspInit
                0x08000138       0xc4 ..\obj\spi.o
                0x08000138                HAL_SPI_MspInit
 .text.MX_I2C2_Init
                0x080001fc       0x70 ..\obj\i2c.o
                0x080001fc                MX_I2C2_Init
 .text.HAL_I2C_MspInit
                0x0800026c       0x80 ..\obj\i2c.o
                0x0800026c                HAL_I2C_MspInit
 .text.HAL_RCC_OscConfig
                0x080002ec      0x5e8 ..\obj\stm32f0xx_hal_rcc.o
                0x080002ec                HAL_RCC_OscConfig
 .text.HAL_RCC_ClockConfig
                0x080008d4      0x1cc ..\obj\stm32f0xx_hal_rcc.o
                0x080008d4                HAL_RCC_ClockConfig
 .text.HAL_RCC_GetSysClockFreq
                0x08000aa0       0xc8 ..\obj\stm32f0xx_hal_rcc.o
                0x08000aa0                HAL_RCC_GetSysClockFreq
 .text.HAL_RCC_GetHCLKFreq
                0x08000b68       0x14 ..\obj\stm32f0xx_hal_rcc.o
                0x08000b68                HAL_RCC_GetHCLKFreq
 .text.HAL_RCC_GetPCLK1Freq
                0x08000b7c       0x2c ..\obj\stm32f0xx_hal_rcc.o
                0x08000b7c                HAL_RCC_GetPCLK1Freq
 .text.MX_TIM1_Init
                0x08000ba8      0x168 ..\obj\tim.o
                0x08000ba8                MX_TIM1_Init
 .text.MX_TIM3_Init
                0x08000d10      0x114 ..\obj\tim.o
                0x08000d10                MX_TIM3_Init
 .text.HAL_TIM_Base_MspInit
                0x08000e24       0x68 ..\obj\tim.o
                0x08000e24                HAL_TIM_Base_MspInit
 .text.HAL_TIM_MspPostInit
                0x08000e8c       0xdc ..\obj\tim.o
                0x08000e8c                HAL_TIM_MspPostInit
 .text.HAL_Init
                0x08000f68       0x28 ..\obj\stm32f0xx_hal.o
                0x08000f68                HAL_Init
 .text.HAL_InitTick
                0x08000f90       0x38 ..\obj\stm32f0xx_hal.o
                0x08000f90                HAL_InitTick
 .text.HAL_IncTick
                0x08000fc8       0x18 ..\obj\stm32f0xx_hal.o
                0x08000fc8                HAL_IncTick
 .text.HAL_GetTick
                0x08000fe0       0x14 ..\obj\stm32f0xx_hal.o
                0x08000fe0                HAL_GetTick
 .text.HAL_ADC_Init
                0x08000ff4      0x27c ..\obj\stm32f0xx_hal_adc.o
                0x08000ff4                HAL_ADC_Init
 .text.HAL_ADC_ConfigChannel
                0x08001270      0x1f0 ..\obj\stm32f0xx_hal_adc.o
                0x08001270                HAL_ADC_ConfigChannel
 .text.HAL_UART_Init
                0x08001460       0xb0 ..\obj\stm32f0xx_hal_uart.o
                0x08001460                HAL_UART_Init
 .text.HAL_UART_IRQHandler
                0x08001510      0x1f4 ..\obj\stm32f0xx_hal_uart.o
                0x08001510                HAL_UART_IRQHandler
 .text.HAL_UART_TxCpltCallback
                0x08001704       0x10 ..\obj\stm32f0xx_hal_uart.o
                0x08001704                HAL_UART_TxCpltCallback
 .text.HAL_UART_RxCpltCallback
                0x08001714       0x10 ..\obj\stm32f0xx_hal_uart.o
                0x08001714                HAL_UART_RxCpltCallback
 .text.HAL_UART_ErrorCallback
                0x08001724       0x10 ..\obj\stm32f0xx_hal_uart.o
                0x08001724                HAL_UART_ErrorCallback
 .text.UART_SetConfig
                0x08001734      0x2ec ..\obj\stm32f0xx_hal_uart.o
                0x08001734                UART_SetConfig
 .text.UART_AdvFeatureConfig
                0x08001a20      0x158 ..\obj\stm32f0xx_hal_uart.o
                0x08001a20                UART_AdvFeatureConfig
 .text.UART_CheckIdleState
                0x08001b78       0x30 ..\obj\stm32f0xx_hal_uart.o
                0x08001b78                UART_CheckIdleState
 .text.UART_EndRxTransfer
                0x08001ba8       0x3c ..\obj\stm32f0xx_hal_uart.o
 .text.UART_DMAAbortOnError
                0x08001be4       0x2e ..\obj\stm32f0xx_hal_uart.o
 .text.UART_Transmit_IT
                0x08001c12       0xae ..\obj\stm32f0xx_hal_uart.o
                0x08001c12                UART_Transmit_IT
 .text.UART_EndTransmit_IT
                0x08001cc0       0x32 ..\obj\stm32f0xx_hal_uart.o
                0x08001cc0                UART_EndTransmit_IT
 *fill*         0x08001cf2        0x2 
 .text.UART_Receive_IT
                0x08001cf4       0xf4 ..\obj\stm32f0xx_hal_uart.o
                0x08001cf4                UART_Receive_IT
 .text.main     0x08001de8       0x2e ..\obj\main.o
                0x08001de8                main
 .text.SystemClock_Config
                0x08001e16       0xe8 ..\obj\main.o
                0x08001e16                SystemClock_Config
 .text.Error_Handler
                0x08001efe        0x6 ..\obj\main.o
                0x08001efe                Error_Handler
 .text.Reset_Handler
                0x08001f04       0x4c ..\obj\startup_stm32f0xx.o
                0x08001f04                Reset_Handler
 .text.Default_Handler
                0x08001f50        0x2 ..\obj\startup_stm32f0xx.o
                0x08001f50                TIM1_CC_IRQHandler
                0x08001f50                ADC1_COMP_IRQHandler
                0x08001f50                PVD_IRQHandler
                0x08001f50                I2C1_IRQHandler
                0x08001f50                TIM6_DAC_IRQHandler
                0x08001f50                EXTI2_3_IRQHandler
                0x08001f50                TIM17_IRQHandler
                0x08001f50                RTC_IRQHandler
                0x08001f50                TIM16_IRQHandler
                0x08001f50                TIM3_IRQHandler
                0x08001f50                EXTI4_15_IRQHandler
                0x08001f50                RCC_IRQHandler
                0x08001f50                Default_Handler
                0x08001f50                CEC_IRQHandler
                0x08001f50                TIM14_IRQHandler
                0x08001f50                DMA1_Channel4_5_IRQHandler
                0x08001f50                TIM15_IRQHandler
                0x08001f50                EXTI0_1_IRQHandler
                0x08001f50                SPI2_IRQHandler
                0x08001f50                TS_IRQHandler
                0x08001f50                WWDG_IRQHandler
                0x08001f50                TIM2_IRQHandler
                0x08001f50                DMA1_Channel2_3_IRQHandler
                0x08001f50                USART2_IRQHandler
                0x08001f50                FLASH_IRQHandler
                0x08001f50                TIM1_BRK_UP_TRG_COM_IRQHandler
 *fill*         0x08001f52        0x2 
 .text.HAL_RCCEx_PeriphCLKConfig
                0x08001f54      0x19c ..\obj\stm32f0xx_hal_rcc_ex.o
                0x08001f54                HAL_RCCEx_PeriphCLKConfig
 .text.MX_GPIO_Init
                0x080020f0       0xe8 ..\obj\gpio.o
                0x080020f0                MX_GPIO_Init
 .text.HAL_DMA_Init
                0x080021d8       0xa8 ..\obj\stm32f0xx_hal_dma.o
                0x080021d8                HAL_DMA_Init
 .text.HAL_DMA_Abort_IT
                0x08002280       0x8c ..\obj\stm32f0xx_hal_dma.o
                0x08002280                HAL_DMA_Abort_IT
 .text.HAL_DMA_IRQHandler
                0x0800230c      0x144 ..\obj\stm32f0xx_hal_dma.o
                0x0800230c                HAL_DMA_IRQHandler
 .text.DMA_CalcBaseAndBitshift
                0x08002450       0x38 ..\obj\stm32f0xx_hal_dma.o
 .text.NVIC_EnableIRQ
                0x08002488       0x2c ..\obj\stm32f0xx_hal_cortex.o
 .text.NVIC_SetPriority
                0x080024b4       0xdc ..\obj\stm32f0xx_hal_cortex.o
 .text.SysTick_Config
                0x08002590       0x48 ..\obj\stm32f0xx_hal_cortex.o
 .text.HAL_NVIC_SetPriority
                0x080025d8       0x2c ..\obj\stm32f0xx_hal_cortex.o
                0x080025d8                HAL_NVIC_SetPriority
 .text.HAL_NVIC_EnableIRQ
                0x08002604       0x20 ..\obj\stm32f0xx_hal_cortex.o
                0x08002604                HAL_NVIC_EnableIRQ
 .text.HAL_SYSTICK_Config
                0x08002624       0x1a ..\obj\stm32f0xx_hal_cortex.o
                0x08002624                HAL_SYSTICK_Config
 *fill*         0x0800263e        0x2 
 .text.HAL_SYSTICK_CLKSourceConfig
                0x08002640       0x34 ..\obj\stm32f0xx_hal_cortex.o
                0x08002640                HAL_SYSTICK_CLKSourceConfig
 .text.HAL_SYSTICK_IRQHandler
                0x08002674        0xe ..\obj\stm32f0xx_hal_cortex.o
                0x08002674                HAL_SYSTICK_IRQHandler
 .text.HAL_SYSTICK_Callback
                0x08002682        0xa ..\obj\stm32f0xx_hal_cortex.o
                0x08002682                HAL_SYSTICK_Callback
 .text.FIFO_receive_handler
                0x0800268c       0x6c ..\obj\sw_fifo.o
                0x0800268c                FIFO_receive_handler
 .text.FIFO_transmit_handler
                0x080026f8       0x60 ..\obj\sw_fifo.o
                0x080026f8                FIFO_transmit_handler
 .text.HAL_SPI_Init
                0x08002758      0x130 ..\obj\stm32f0xx_hal_spi.o
                0x08002758                HAL_SPI_Init
 .text.HAL_SPI_IRQHandler
                0x08002888      0x1a0 ..\obj\stm32f0xx_hal_spi.o
                0x08002888                HAL_SPI_IRQHandler
 .text.HAL_SPI_ErrorCallback
                0x08002a28       0x10 ..\obj\stm32f0xx_hal_spi.o
                0x08002a28                HAL_SPI_ErrorCallback
 .text.SPI_DMAAbortOnError
                0x08002a38       0x2c ..\obj\stm32f0xx_hal_spi.o
 .text.HAL_I2C_Init
                0x08002a64      0x12c ..\obj\stm32f0xx_hal_i2c.o
                0x08002a64                HAL_I2C_Init
 .text.HAL_I2C_EV_IRQHandler
                0x08002b90       0x34 ..\obj\stm32f0xx_hal_i2c.o
                0x08002b90                HAL_I2C_EV_IRQHandler
 .text.HAL_I2C_ER_IRQHandler
                0x08002bc4       0xb0 ..\obj\stm32f0xx_hal_i2c.o
                0x08002bc4                HAL_I2C_ER_IRQHandler
 .text.HAL_I2C_SlaveTxCpltCallback
                0x08002c74       0x10 ..\obj\stm32f0xx_hal_i2c.o
                0x08002c74                HAL_I2C_SlaveTxCpltCallback
 .text.HAL_I2C_SlaveRxCpltCallback
                0x08002c84       0x10 ..\obj\stm32f0xx_hal_i2c.o
                0x08002c84                HAL_I2C_SlaveRxCpltCallback
 .text.HAL_I2C_AddrCallback
                0x08002c94       0x20 ..\obj\stm32f0xx_hal_i2c.o
                0x08002c94                HAL_I2C_AddrCallback
 .text.HAL_I2C_ListenCpltCallback
                0x08002cb4       0x10 ..\obj\stm32f0xx_hal_i2c.o
                0x08002cb4                HAL_I2C_ListenCpltCallback
 .text.HAL_I2C_ErrorCallback
                0x08002cc4       0x10 ..\obj\stm32f0xx_hal_i2c.o
                0x08002cc4                HAL_I2C_ErrorCallback
 .text.HAL_I2C_AbortCpltCallback
                0x08002cd4       0x10 ..\obj\stm32f0xx_hal_i2c.o
                0x08002cd4                HAL_I2C_AbortCpltCallback
 .text.I2C_Slave_ISR_IT
                0x08002ce4      0x1e0 ..\obj\stm32f0xx_hal_i2c.o
 .text.I2C_ITAddrCplt
                0x08002ec4      0x16c ..\obj\stm32f0xx_hal_i2c.o
 .text.I2C_ITSlaveSequentialCplt
                0x08003030       0x82 ..\obj\stm32f0xx_hal_i2c.o
 *fill*         0x080030b2        0x2 
 .text.I2C_ITSlaveCplt
                0x080030b4      0x1b8 ..\obj\stm32f0xx_hal_i2c.o
 .text.I2C_ITListenCplt
                0x0800326c       0xa4 ..\obj\stm32f0xx_hal_i2c.o
 .text.I2C_ITError
                0x08003310      0x190 ..\obj\stm32f0xx_hal_i2c.o
 .text.I2C_Flush_TXDR
                0x080034a0       0x44 ..\obj\stm32f0xx_hal_i2c.o
 .text.I2C_DMAAbort
                0x080034e4       0x5e ..\obj\stm32f0xx_hal_i2c.o
 .text.I2C_Disable_IRQ
                0x08003542       0xd4 ..\obj\stm32f0xx_hal_i2c.o
 *fill*         0x08003616        0x2 
 .text.HAL_MspInit
                0x08003618       0x54 ..\obj\stm32f0xx_hal_msp.o
                0x08003618                HAL_MspInit
 .text.MX_ADC_Init
                0x0800366c      0x110 ..\obj\adc.o
                0x0800366c                MX_ADC_Init
 .text.HAL_ADC_MspInit
                0x0800377c       0xc0 ..\obj\adc.o
                0x0800377c                HAL_ADC_MspInit
 .text.HAL_I2CEx_ConfigAnalogFilter
                0x0800383c       0x98 ..\obj\stm32f0xx_hal_i2c_ex.o
                0x0800383c                HAL_I2CEx_ConfigAnalogFilter
 .text.SystemInit
                0x080038d4       0x88 ..\obj\system_stm32f0xx.o
                0x080038d4                SystemInit
 .text.NMI_Handler
                0x0800395c        0xa ..\obj\stm32f0xx_it.o
                0x0800395c                NMI_Handler
 .text.HardFault_Handler
                0x08003966        0x6 ..\obj\stm32f0xx_it.o
                0x08003966                HardFault_Handler
 .text.SVC_Handler
                0x0800396c        0xa ..\obj\stm32f0xx_it.o
                0x0800396c                SVC_Handler
 .text.PendSV_Handler
                0x08003976        0xa ..\obj\stm32f0xx_it.o
                0x08003976                PendSV_Handler
 .text.SysTick_Handler
                0x08003980       0x12 ..\obj\stm32f0xx_it.o
                0x08003980                SysTick_Handler
 *fill*         0x08003992        0x2 
 .text.DMA1_Channel1_IRQHandler
                0x08003994       0x18 ..\obj\stm32f0xx_it.o
                0x08003994                DMA1_Channel1_IRQHandler
 .text.I2C2_IRQHandler
                0x080039ac       0x30 ..\obj\stm32f0xx_it.o
                0x080039ac                I2C2_IRQHandler
 .text.SPI1_IRQHandler
                0x080039dc       0x18 ..\obj\stm32f0xx_it.o
                0x080039dc                SPI1_IRQHandler
 .text.USART1_IRQHandler
                0x080039f4       0x54 ..\obj\stm32f0xx_it.o
                0x080039f4                USART1_IRQHandler
 .text.HAL_TIMEx_MasterConfigSynchronization
                0x08003a48       0x86 ..\obj\stm32f0xx_hal_tim_ex.o
                0x08003a48                HAL_TIMEx_MasterConfigSynchronization
 *fill*         0x08003ace        0x2 
 .text.HAL_TIMEx_ConfigBreakDeadTime
                0x08003ad0       0xdc ..\obj\stm32f0xx_hal_tim_ex.o
                0x08003ad0                HAL_TIMEx_ConfigBreakDeadTime
 .text.HAL_TIM_Base_Init
                0x08003bac       0x58 ..\obj\stm32f0xx_hal_tim.o
                0x08003bac                HAL_TIM_Base_Init
 .text.HAL_TIM_PWM_Init
                0x08003c04       0x58 ..\obj\stm32f0xx_hal_tim.o
                0x08003c04                HAL_TIM_PWM_Init
 .text.HAL_TIM_PWM_MspInit
                0x08003c5c       0x10 ..\obj\stm32f0xx_hal_tim.o
                0x08003c5c                HAL_TIM_PWM_MspInit
 .text.HAL_TIM_PWM_ConfigChannel
                0x08003c6c      0x170 ..\obj\stm32f0xx_hal_tim.o
                0x08003c6c                HAL_TIM_PWM_ConfigChannel
 .text.HAL_TIM_ConfigClockSource
                0x08003ddc      0x1c0 ..\obj\stm32f0xx_hal_tim.o
                0x08003ddc                HAL_TIM_ConfigClockSource
 .text.TIM_Base_SetConfig
                0x08003f9c       0xf0 ..\obj\stm32f0xx_hal_tim.o
                0x08003f9c                TIM_Base_SetConfig
 .text.TIM_OC1_SetConfig
                0x0800408c      0x11c ..\obj\stm32f0xx_hal_tim.o
 .text.TIM_OC2_SetConfig
                0x080041a8      0x114 ..\obj\stm32f0xx_hal_tim.o
                0x080041a8                TIM_OC2_SetConfig
 .text.TIM_OC3_SetConfig
                0x080042bc      0x118 ..\obj\stm32f0xx_hal_tim.o
 .text.TIM_OC4_SetConfig
                0x080043d4       0xe0 ..\obj\stm32f0xx_hal_tim.o
 .text.TIM_TI1_ConfigInputStage
                0x080044b4       0x64 ..\obj\stm32f0xx_hal_tim.o
 .text.TIM_TI2_ConfigInputStage
                0x08004518       0x6c ..\obj\stm32f0xx_hal_tim.o
 .text.TIM_ITRx_SetConfig
                0x08004584       0x40 ..\obj\stm32f0xx_hal_tim.o
 .text.TIM_ETR_SetConfig
                0x080045c4       0x44 ..\obj\stm32f0xx_hal_tim.o
                0x080045c4                TIM_ETR_SetConfig
 .text.HAL_GPIO_Init
                0x08004608      0x2e8 ..\obj\stm32f0xx_hal_gpio.o
                0x08004608                HAL_GPIO_Init
 .text.HAL_GPIO_WritePin
                0x080048f0       0x3a ..\obj\stm32f0xx_hal_gpio.o
                0x080048f0                HAL_GPIO_WritePin
 *fill*         0x0800492a        0x2 
 .text.MX_DMA_Init
                0x0800492c       0x3c ..\obj\dma.o
                0x0800492c                MX_DMA_Init
 .text.MX_USART1_UART_Init
                0x08004968       0x60 ..\obj\usart.o
                0x08004968                MX_USART1_UART_Init
 .text.HAL_UART_MspInit
                0x080049c8       0x88 ..\obj\usart.o
                0x080049c8                HAL_UART_MspInit
 .text          0x08004a50      0x114 c:/program files (x86)/gnu tools arm embedded/6.2 2016q4/bin/../lib/gcc/arm-none-eabi/6.2.1/thumb/v6-m\libgcc.a(_udivsi3.o)
                0x08004a50                __aeabi_uidiv
                0x08004a50                __udivsi3
                0x08004b5c                __aeabi_uidivmod
 .text          0x08004b64        0x4 c:/program files (x86)/gnu tools arm embedded/6.2 2016q4/bin/../lib/gcc/arm-none-eabi/6.2.1/thumb/v6-m\libgcc.a(_dvmd_tls.o)
                0x08004b64                __aeabi_idiv0
                0x08004b64                __aeabi_ldiv0
 .text.memcpy   0x08004b68       0x84 c:/program files (x86)/gnu tools arm embedded/6.2 2016q4/bin/../lib/gcc/arm-none-eabi/6.2.1/../../../../arm-none-eabi/lib/thumb/v6-m\libg.a(lib_a-memcpy-stub.o)
                0x08004b68                memcpy
 *(.init)
 *(.fini)
 *crtbegin.o(.ctors)
 *crtbegin?.o(.ctors)
 *(EXCLUDE_FILE(*crtend.o *crtend?.o) .ctors)
 *(SORT(.ctors.*))
 *(.ctors)
 *crtbegin.o(.dtors)
 *crtbegin?.o(.dtors)
 *(EXCLUDE_FILE(*crtend.o *crtend?.o) .dtors)
 *(SORT(.dtors.*))
 *(.dtors)
 *(.rodata*)
 .rodata        0x08004bec       0x20 ..\obj\stm32f0xx_hal_rcc.o
 .rodata        0x08004c0c       0x18 ..\obj\system_stm32f0xx.o
                0x08004c0c                AHBPrescTable
                0x08004c1c                APBPrescTable
 *(.eh_fram e*)

.glue_7         0x08004c24        0x0
 .glue_7        0x08004c24        0x0 linker stubs

.glue_7t        0x08004c24        0x0
 .glue_7t       0x08004c24        0x0 linker stubs

.vfp11_veneer   0x08004c24        0x0
 .vfp11_veneer  0x08004c24        0x0 linker stubs

.v4_bx          0x08004c24        0x0
 .v4_bx         0x08004c24        0x0 linker stubs

.iplt           0x08004c24        0x0
 .iplt          0x08004c24        0x0 ..\obj\stm32f0xx_hal_pwr.o

.rel.dyn        0x08004c24        0x0
 .rel.iplt      0x08004c24        0x0 ..\obj\stm32f0xx_hal_pwr.o

.ARM.extab
 *(.ARM.extab* .gnu.linkonce.armextab.*)
                0x08004c24                __exidx_start = .

.ARM.exidx
 *(.ARM.exidx* .gnu.linkonce.armexidx.*)
                0x08004c24                __exidx_end = .
                0x08004c24                __etext = .
                0x08004c24                _sidata = __etext

.data           0x20000000        0x4 load address 0x08004c24
                0x20000000                __data_start__ = .
                0x20000000                _sdata = __data_start__
 *(vtable)
 *(.data*)
 .data          0x20000000        0x4 ..\obj\system_stm32f0xx.o
                0x20000000                SystemCoreClock
                0x20000004                . = ALIGN (0x4)
                [!provide]                PROVIDE (__preinit_array_start, .)
 *(.preinit_array)
                [!provide]                PROVIDE (__preinit_array_end, .)
                0x20000004                . = ALIGN (0x4)
                [!provide]                PROVIDE (__init_array_start, .)
 *(SORT(.init_array.*))
 *(.init_array)
                [!provide]                PROVIDE (__init_array_end, .)
                0x20000004                . = ALIGN (0x4)
                [!provide]                PROVIDE (__fini_array_start, .)
 *(SORT(.fini_array.*))
 *(.fini_array)
                [!provide]                PROVIDE (__fini_array_end, .)
 *(.jcr*)
                0x20000004                . = ALIGN (0x4)
                0x20000004                __data_end__ = .
                0x20000004                _edata = __data_end__

.igot.plt       0x20000004        0x0 load address 0x08004c28
 .igot.plt      0x20000004        0x0 ..\obj\stm32f0xx_hal_pwr.o

.bss            0x20000004      0x264 load address 0x08004c28
                0x20000004                . = ALIGN (0x4)
                0x20000004                __bss_start__ = .
                0x20000004                _sbss = __bss_start__
 *(.bss*)
 .bss           0x20000004       0x27 ..\obj\sw_fifo.o
                0x20000004                rx_fifo
                0x20000018                tx_fifo
 *(COMMON)
 *fill*         0x2000002b        0x1 
 COMMON         0x2000002c       0x64 ..\obj\spi.o
                0x2000002c                hspi1
 COMMON         0x20000090       0x4c ..\obj\i2c.o
                0x20000090                hi2c2
 COMMON         0x200000dc       0x80 ..\obj\tim.o
                0x200000dc                htim3
                0x2000011c                htim1
 COMMON         0x2000015c        0x4 ..\obj\stm32f0xx_hal.o
                0x2000015c                uwTick
 COMMON         0x20000160        0x6 ..\obj\rpi_communication.o
                0x20000160                uart_tx_fifo_not_empty_flag
                0x20000161                uart_tx_fifo_full_flag
                0x20000162                uart_rx_fifo_full_flag
                0x20000163                uart_tx_fifo_ovf_flag
                0x20000164                uart_rx_fifo_not_empty_flag
                0x20000165                uart_rx_fifo_ovf_flag
 *fill*         0x20000166        0x2 
 COMMON         0x20000168       0x90 ..\obj\adc.o
                0x20000168                hdma_adc
                0x200001ac                hadc
 COMMON         0x200001f8       0x70 ..\obj\usart.o
                0x200001f8                huart1
                0x20000268                . = ALIGN (0x4)
                0x20000268                __bss_end__ = .
                0x20000268                _ebss = __bss_end__

.heap           0x20000268        0x0
                0x20000268                __end__ = .
                0x20000268                _end = __end__
                0x20000268                end = __end__
 *(.heap*)
                0x20000268                __HeapLimit = .

.co_stack       0x20000268        0x0
                0x20000268                . = ALIGN (0x8)
 *(.co_stack .co_stack.*)
                0x20002000                __StackTop = (ORIGIN (ram) + LENGTH (ram))
                0x20002000                __StackLimit = (__StackTop - SIZEOF (.co_stack))
                [!provide]                PROVIDE (__stack, __StackTop)
                0x00000001                ASSERT ((__StackLimit >= __HeapLimit), region ram  overflowed with stack)
LOAD ..\obj\stm32f0xx_hal_pwr.o
LOAD ..\obj\spi.o
LOAD ..\obj\i2c.o
LOAD ..\obj\stm32f0xx_hal_rcc.o
LOAD ..\obj\tim.o
LOAD ..\obj\stm32f0xx_hal.o
LOAD ..\obj\stm32f0xx_hal_spi_ex.o
LOAD ..\obj\stm32f0xx_hal_adc.o
LOAD ..\obj\stm32f0xx_hal_uart.o
LOAD ..\obj\main.o
LOAD ..\obj\startup_stm32f0xx.o
LOAD ..\obj\stm32f0xx_hal_adc_ex.o
LOAD ..\obj\stm32f0xx_hal_rcc_ex.o
LOAD ..\obj\gpio.o
LOAD ..\obj\stm32f0xx_hal_flash_ex.o
LOAD ..\obj\stm32f0xx_hal_dma.o
LOAD ..\obj\rpi_communication.o
LOAD ..\obj\stm32f0xx_hal_cortex.o
LOAD ..\obj\sw_fifo.o
LOAD ..\obj\stm32f0xx_hal_spi.o
LOAD ..\obj\stm32f0xx_hal_i2c.o
LOAD ..\obj\stm32f0xx_hal_msp.o
LOAD ..\obj\stm32f0xx_hal_flash.o
LOAD ..\obj\adc.o
LOAD ..\obj\stm32f0xx_hal_i2c_ex.o
LOAD ..\obj\system_stm32f0xx.o
LOAD ..\obj\stm32f0xx_it.o
LOAD ..\obj\stm32f0xx_hal_pwr_ex.o
LOAD ..\obj\stm32f0xx_hal_tim_ex.o
LOAD ..\obj\stm32f0xx_hal_uart_ex.o
LOAD ..\obj\stm32f0xx_hal_tim.o
LOAD ..\obj\stm32f0xx_hal_gpio.o
LOAD ..\obj\dma.o
LOAD ..\obj\usart.o
START GROUP
LOAD c:/program files (x86)/gnu tools arm embedded/6.2 2016q4/bin/../lib/gcc/arm-none-eabi/6.2.1/thumb/v6-m\libgcc.a
LOAD c:/program files (x86)/gnu tools arm embedded/6.2 2016q4/bin/../lib/gcc/arm-none-eabi/6.2.1/../../../../arm-none-eabi/lib/thumb/v6-m\libg.a
LOAD c:/program files (x86)/gnu tools arm embedded/6.2 2016q4/bin/../lib/gcc/arm-none-eabi/6.2.1/../../../../arm-none-eabi/lib/thumb/v6-m\libc.a
END GROUP
OUTPUT(TurtleSTM.elf elf32-littlearm)

.debug_info     0x00000000    0x1d870
 .debug_info    0x00000000     0x10ed ..\obj\spi.o
 .debug_info    0x000010ed     0x112e ..\obj\i2c.o
 .debug_info    0x0000221b      0xf94 ..\obj\stm32f0xx_hal_rcc.o
 .debug_info    0x000031af     0x1237 ..\obj\tim.o
 .debug_info    0x000043e6      0xd6d ..\obj\stm32f0xx_hal.o
 .debug_info    0x00005153     0x144e ..\obj\stm32f0xx_hal_adc.o
 .debug_info    0x000065a1     0x1b42 ..\obj\stm32f0xx_hal_uart.o
 .debug_info    0x000080e3     0x1a6e ..\obj\main.o
 .debug_info    0x00009b51      0x136 ..\obj\startup_stm32f0xx.o
 .debug_info    0x00009c87      0xb8e ..\obj\stm32f0xx_hal_rcc_ex.o
 .debug_info    0x0000a815      0xb78 ..\obj\gpio.o
 .debug_info    0x0000b38d      0xf5c ..\obj\stm32f0xx_hal_dma.o
 .debug_info    0x0000c2e9       0xe1 ..\obj\rpi_communication.o
 .debug_info    0x0000c3ca      0xf18 ..\obj\stm32f0xx_hal_cortex.o
 .debug_info    0x0000d2e2      0xf52 ..\obj\sw_fifo.o
 .debug_info    0x0000e234     0x1d1d ..\obj\stm32f0xx_hal_spi.o
 .debug_info    0x0000ff51     0x23ab ..\obj\stm32f0xx_hal_i2c.o
 .debug_info    0x000122fc      0xac8 ..\obj\stm32f0xx_hal_msp.o
 .debug_info    0x00012dc4      0xfff ..\obj\adc.o
 .debug_info    0x00013dc3     0x102d ..\obj\stm32f0xx_hal_i2c_ex.o
 .debug_info    0x00014df0      0xa68 ..\obj\system_stm32f0xx.o
 .debug_info    0x00015858     0x146a ..\obj\stm32f0xx_it.o
 .debug_info    0x00016cc2     0x178d ..\obj\stm32f0xx_hal_tim_ex.o
 .debug_info    0x0001844f     0x29a5 ..\obj\stm32f0xx_hal_tim.o
 .debug_info    0x0001adf4      0xe4e ..\obj\stm32f0xx_hal_gpio.o
 .debug_info    0x0001bc42      0xac8 ..\obj\dma.o
 .debug_info    0x0001c70a     0x1166 ..\obj\usart.o

.debug_abbrev   0x00000000     0x3cbd
 .debug_abbrev  0x00000000      0x22c ..\obj\spi.o
 .debug_abbrev  0x0000022c      0x22c ..\obj\i2c.o
 .debug_abbrev  0x00000458      0x2b9 ..\obj\stm32f0xx_hal_rcc.o
 .debug_abbrev  0x00000711      0x280 ..\obj\tim.o
 .debug_abbrev  0x00000991      0x29e ..\obj\stm32f0xx_hal.o
 .debug_abbrev  0x00000c2f      0x28d ..\obj\stm32f0xx_hal_adc.o
 .debug_abbrev  0x00000ebc      0x2a9 ..\obj\stm32f0xx_hal_uart.o
 .debug_abbrev  0x00001165      0x230 ..\obj\main.o
 .debug_abbrev  0x00001395       0x12 ..\obj\startup_stm32f0xx.o
 .debug_abbrev  0x000013a7      0x25b ..\obj\stm32f0xx_hal_rcc_ex.o
 .debug_abbrev  0x00001602      0x1f8 ..\obj\gpio.o
 .debug_abbrev  0x000017fa      0x2ab ..\obj\stm32f0xx_hal_dma.o
 .debug_abbrev  0x00001aa5       0x49 ..\obj\rpi_communication.o
 .debug_abbrev  0x00001aee      0x338 ..\obj\stm32f0xx_hal_cortex.o
 .debug_abbrev  0x00001e26      0x23a ..\obj\sw_fifo.o
 .debug_abbrev  0x00002060      0x2cc ..\obj\stm32f0xx_hal_spi.o
 .debug_abbrev  0x0000232c      0x2dd ..\obj\stm32f0xx_hal_i2c.o
 .debug_abbrev  0x00002609      0x1f6 ..\obj\stm32f0xx_hal_msp.o
 .debug_abbrev  0x000027ff      0x234 ..\obj\adc.o
 .debug_abbrev  0x00002a33      0x252 ..\obj\stm32f0xx_hal_i2c_ex.o
 .debug_abbrev  0x00002c85      0x202 ..\obj\system_stm32f0xx.o
 .debug_abbrev  0x00002e87      0x1ed ..\obj\stm32f0xx_it.o
 .debug_abbrev  0x00003074      0x2c0 ..\obj\stm32f0xx_hal_tim_ex.o
 .debug_abbrev  0x00003334      0x2e3 ..\obj\stm32f0xx_hal_tim.o
 .debug_abbrev  0x00003617      0x284 ..\obj\stm32f0xx_hal_gpio.o
 .debug_abbrev  0x0000389b      0x1f6 ..\obj\dma.o
 .debug_abbrev  0x00003a91      0x22c ..\obj\usart.o

.debug_aranges  0x00000000     0x1168
 .debug_aranges
                0x00000000       0x30 ..\obj\spi.o
 .debug_aranges
                0x00000030       0x30 ..\obj\i2c.o
 .debug_aranges
                0x00000060       0x80 ..\obj\stm32f0xx_hal_rcc.o
 .debug_aranges
                0x000000e0       0x40 ..\obj\tim.o
 .debug_aranges
                0x00000120       0xa0 ..\obj\stm32f0xx_hal.o
 .debug_aranges
                0x000001c0       0xf8 ..\obj\stm32f0xx_hal_adc.o
 .debug_aranges
                0x000002b8      0x1d8 ..\obj\stm32f0xx_hal_uart.o
 .debug_aranges
                0x00000490       0x30 ..\obj\main.o
 .debug_aranges
                0x000004c0       0x28 ..\obj\startup_stm32f0xx.o
 .debug_aranges
                0x000004e8       0x30 ..\obj\stm32f0xx_hal_rcc_ex.o
 .debug_aranges
                0x00000518       0x20 ..\obj\gpio.o
 .debug_aranges
                0x00000538       0x88 ..\obj\stm32f0xx_hal_dma.o
 .debug_aranges
                0x000005c0       0x18 ..\obj\rpi_communication.o
 .debug_aranges
                0x000005d8       0xc0 ..\obj\stm32f0xx_hal_cortex.o
 .debug_aranges
                0x00000698       0x38 ..\obj\sw_fifo.o
 .debug_aranges
                0x000006d0      0x1d8 ..\obj\stm32f0xx_hal_spi.o
 .debug_aranges
                0x000008a8      0x260 ..\obj\stm32f0xx_hal_i2c.o
 .debug_aranges
                0x00000b08       0x20 ..\obj\stm32f0xx_hal_msp.o
 .debug_aranges
                0x00000b28       0x30 ..\obj\adc.o
 .debug_aranges
                0x00000b58       0x38 ..\obj\stm32f0xx_hal_i2c_ex.o
 .debug_aranges
                0x00000b90       0x28 ..\obj\system_stm32f0xx.o
 .debug_aranges
                0x00000bb8       0x60 ..\obj\stm32f0xx_it.o
 .debug_aranges
                0x00000c18      0x140 ..\obj\stm32f0xx_hal_tim_ex.o
 .debug_aranges
                0x00000d58      0x368 ..\obj\stm32f0xx_hal_tim.o
 .debug_aranges
                0x000010c0       0x58 ..\obj\stm32f0xx_hal_gpio.o
 .debug_aranges
                0x00001118       0x20 ..\obj\dma.o
 .debug_aranges
                0x00001138       0x30 ..\obj\usart.o

.debug_ranges   0x00000000      0xfb8
 .debug_ranges  0x00000000       0x20 ..\obj\spi.o
 .debug_ranges  0x00000020       0x20 ..\obj\i2c.o
 .debug_ranges  0x00000040       0x70 ..\obj\stm32f0xx_hal_rcc.o
 .debug_ranges  0x000000b0       0x30 ..\obj\tim.o
 .debug_ranges  0x000000e0       0x90 ..\obj\stm32f0xx_hal.o
 .debug_ranges  0x00000170       0xe8 ..\obj\stm32f0xx_hal_adc.o
 .debug_ranges  0x00000258      0x1c8 ..\obj\stm32f0xx_hal_uart.o
 .debug_ranges  0x00000420       0x20 ..\obj\main.o
 .debug_ranges  0x00000440       0x20 ..\obj\startup_stm32f0xx.o
 .debug_ranges  0x00000460       0x20 ..\obj\stm32f0xx_hal_rcc_ex.o
 .debug_ranges  0x00000480       0x10 ..\obj\gpio.o
 .debug_ranges  0x00000490       0x78 ..\obj\stm32f0xx_hal_dma.o
 .debug_ranges  0x00000508       0xb0 ..\obj\stm32f0xx_hal_cortex.o
 .debug_ranges  0x000005b8       0x28 ..\obj\sw_fifo.o
 .debug_ranges  0x000005e0      0x1c8 ..\obj\stm32f0xx_hal_spi.o
 .debug_ranges  0x000007a8      0x250 ..\obj\stm32f0xx_hal_i2c.o
 .debug_ranges  0x000009f8       0x10 ..\obj\stm32f0xx_hal_msp.o
 .debug_ranges  0x00000a08       0x20 ..\obj\adc.o
 .debug_ranges  0x00000a28       0x28 ..\obj\stm32f0xx_hal_i2c_ex.o
 .debug_ranges  0x00000a50       0x18 ..\obj\system_stm32f0xx.o
 .debug_ranges  0x00000a68       0x50 ..\obj\stm32f0xx_it.o
 .debug_ranges  0x00000ab8      0x130 ..\obj\stm32f0xx_hal_tim_ex.o
 .debug_ranges  0x00000be8      0x358 ..\obj\stm32f0xx_hal_tim.o
 .debug_ranges  0x00000f40       0x48 ..\obj\stm32f0xx_hal_gpio.o
 .debug_ranges  0x00000f88       0x10 ..\obj\dma.o
 .debug_ranges  0x00000f98       0x20 ..\obj\usart.o

.debug_line     0x00000000     0xb005
 .debug_line    0x00000000      0x45d ..\obj\spi.o
 .debug_line    0x0000045d      0x455 ..\obj\i2c.o
 .debug_line    0x000008b2      0x60b ..\obj\stm32f0xx_hal_rcc.o
 .debug_line    0x00000ebd      0x4eb ..\obj\tim.o
 .debug_line    0x000013a8      0x544 ..\obj\stm32f0xx_hal.o
 .debug_line    0x000018ec      0x920 ..\obj\stm32f0xx_hal_adc.o
 .debug_line    0x0000220c      0xd13 ..\obj\stm32f0xx_hal_uart.o
 .debug_line    0x00002f1f      0x503 ..\obj\main.o
 .debug_line    0x00003422       0xf3 ..\obj\startup_stm32f0xx.o
 .debug_line    0x00003515      0x46f ..\obj\stm32f0xx_hal_rcc_ex.o
 .debug_line    0x00003984      0x36a ..\obj\gpio.o
 .debug_line    0x00003cee      0x5af ..\obj\stm32f0xx_hal_dma.o
 .debug_line    0x0000429d      0x16e ..\obj\rpi_communication.o
 .debug_line    0x0000440b      0x53a ..\obj\stm32f0xx_hal_cortex.o
 .debug_line    0x00004945      0x475 ..\obj\sw_fifo.o
 .debug_line    0x00004dba      0xe19 ..\obj\stm32f0xx_hal_spi.o
 .debug_line    0x00005bd3     0x1465 ..\obj\stm32f0xx_hal_i2c.o
 .debug_line    0x00007038      0x2c8 ..\obj\stm32f0xx_hal_msp.o
 .debug_line    0x00007300      0x482 ..\obj\adc.o
 .debug_line    0x00007782      0x466 ..\obj\stm32f0xx_hal_i2c_ex.o
 .debug_line    0x00007be8      0x2f8 ..\obj\system_stm32f0xx.o
 .debug_line    0x00007ee0      0x4d9 ..\obj\stm32f0xx_it.o
 .debug_line    0x000083b9      0x9cb ..\obj\stm32f0xx_hal_tim_ex.o
 .debug_line    0x00008d84     0x1656 ..\obj\stm32f0xx_hal_tim.o
 .debug_line    0x0000a3da      0x51a ..\obj\stm32f0xx_hal_gpio.o
 .debug_line    0x0000a8f4      0x2b9 ..\obj\dma.o
 .debug_line    0x0000abad      0x458 ..\obj\usart.o

.debug_str      0x00000000     0x5637
 .debug_str     0x00000000      0xc0b ..\obj\spi.o
                                0xcc3 (size before relaxing)
 .debug_str     0x00000c0b      0x329 ..\obj\i2c.o
                                0xd7f (size before relaxing)
 .debug_str     0x00000f34      0x38a ..\obj\stm32f0xx_hal_rcc.o
                                0xa6b (size before relaxing)
 .debug_str     0x000012be      0x447 ..\obj\tim.o
                                0xd0b (size before relaxing)
 .debug_str     0x00001705      0x215 ..\obj\stm32f0xx_hal.o
                                0xa24 (size before relaxing)
 .debug_str     0x0000191a      0x504 ..\obj\stm32f0xx_hal_adc.o
                                0xd34 (size before relaxing)
 .debug_str     0x00001e1e      0x889 ..\obj\stm32f0xx_hal_uart.o
                               0x119e (size before relaxing)
 .debug_str     0x000026a7      0x119 ..\obj\main.o
                               0x158f (size before relaxing)
 .debug_str     0x000027c0      0x119 ..\obj\stm32f0xx_hal_rcc_ex.o
                                0x820 (size before relaxing)
 .debug_str     0x000028d9       0x9f ..\obj\gpio.o
                                0x744 (size before relaxing)
 .debug_str     0x00002978      0x2ba ..\obj\stm32f0xx_hal_dma.o
                                0xabc (size before relaxing)
 .debug_str     0x00002c32      0x115 ..\obj\rpi_communication.o
                                0x227 (size before relaxing)
 .debug_str     0x00002d47      0x260 ..\obj\stm32f0xx_hal_cortex.o
                                0xa94 (size before relaxing)
 .debug_str     0x00002fa7      0x103 ..\obj\sw_fifo.o
                                0xbd7 (size before relaxing)
 .debug_str     0x000030aa      0x56b ..\obj\stm32f0xx_hal_spi.o
                                0xfb3 (size before relaxing)
 .debug_str     0x00003615      0x7e5 ..\obj\stm32f0xx_hal_i2c.o
                               0x12ee (size before relaxing)
 .debug_str     0x00003dfa       0x83 ..\obj\stm32f0xx_hal_msp.o
                                0x834 (size before relaxing)
 .debug_str     0x00003e7d       0x94 ..\obj\adc.o
                                0xaf7 (size before relaxing)
 .debug_str     0x00003f11      0x142 ..\obj\stm32f0xx_hal_i2c_ex.o
                                0xc53 (size before relaxing)
 .debug_str     0x00004053       0xc2 ..\obj\system_stm32f0xx.o
                                0x6df (size before relaxing)
 .debug_str     0x00004115      0x112 ..\obj\stm32f0xx_it.o
                               0x105a (size before relaxing)
 .debug_str     0x00004227      0x533 ..\obj\stm32f0xx_hal_tim_ex.o
                               0x104c (size before relaxing)
 .debug_str     0x0000475a      0xc39 ..\obj\stm32f0xx_hal_tim.o
                               0x1793 (size before relaxing)
 .debug_str     0x00005393      0x18d ..\obj\stm32f0xx_hal_gpio.o
                                0x8b9 (size before relaxing)
 .debug_str     0x00005520       0x81 ..\obj\dma.o
                                0x826 (size before relaxing)
 .debug_str     0x000055a1       0x96 ..\obj\usart.o
                                0xd60 (size before relaxing)

.comment        0x00000000       0x6e
 .comment       0x00000000       0x6e ..\obj\spi.o
                                 0x6f (size before relaxing)
 .comment       0x0000006e       0x6f ..\obj\i2c.o
 .comment       0x0000006e       0x6f ..\obj\stm32f0xx_hal_rcc.o
 .comment       0x0000006e       0x6f ..\obj\tim.o
 .comment       0x0000006e       0x6f ..\obj\stm32f0xx_hal.o
 .comment       0x0000006e       0x6f ..\obj\stm32f0xx_hal_adc.o
 .comment       0x0000006e       0x6f ..\obj\stm32f0xx_hal_uart.o
 .comment       0x0000006e       0x6f ..\obj\main.o
 .comment       0x0000006e       0x6f ..\obj\stm32f0xx_hal_rcc_ex.o
 .comment       0x0000006e       0x6f ..\obj\gpio.o
 .comment       0x0000006e       0x6f ..\obj\stm32f0xx_hal_dma.o
 .comment       0x0000006e       0x6f ..\obj\rpi_communication.o
 .comment       0x0000006e       0x6f ..\obj\stm32f0xx_hal_cortex.o
 .comment       0x0000006e       0x6f ..\obj\sw_fifo.o
 .comment       0x0000006e       0x6f ..\obj\stm32f0xx_hal_spi.o
 .comment       0x0000006e       0x6f ..\obj\stm32f0xx_hal_i2c.o
 .comment       0x0000006e       0x6f ..\obj\stm32f0xx_hal_msp.o
 .comment       0x0000006e       0x6f ..\obj\adc.o
 .comment       0x0000006e       0x6f ..\obj\stm32f0xx_hal_i2c_ex.o
 .comment       0x0000006e       0x6f ..\obj\system_stm32f0xx.o
 .comment       0x0000006e       0x6f ..\obj\stm32f0xx_it.o
 .comment       0x0000006e       0x6f ..\obj\stm32f0xx_hal_tim_ex.o
 .comment       0x0000006e       0x6f ..\obj\stm32f0xx_hal_tim.o
 .comment       0x0000006e       0x6f ..\obj\stm32f0xx_hal_gpio.o
 .comment       0x0000006e       0x6f ..\obj\dma.o
 .comment       0x0000006e       0x6f ..\obj\usart.o

.ARM.attributes
                0x00000000       0x2f
 .ARM.attributes
                0x00000000       0x31 ..\obj\spi.o
 .ARM.attributes
                0x00000031       0x31 ..\obj\i2c.o
 .ARM.attributes
                0x00000062       0x31 ..\obj\stm32f0xx_hal_rcc.o
 .ARM.attributes
                0x00000093       0x31 ..\obj\tim.o
 .ARM.attributes
                0x000000c4       0x31 ..\obj\stm32f0xx_hal.o
 .ARM.attributes
                0x000000f5       0x31 ..\obj\stm32f0xx_hal_adc.o
 .ARM.attributes
                0x00000126       0x31 ..\obj\stm32f0xx_hal_uart.o
 .ARM.attributes
                0x00000157       0x31 ..\obj\main.o
 .ARM.attributes
                0x00000188       0x21 ..\obj\startup_stm32f0xx.o
 .ARM.attributes
                0x000001a9       0x31 ..\obj\stm32f0xx_hal_rcc_ex.o
 .ARM.attributes
                0x000001da       0x31 ..\obj\gpio.o
 .ARM.attributes
                0x0000020b       0x31 ..\obj\stm32f0xx_hal_dma.o
 .ARM.attributes
                0x0000023c       0x31 ..\obj\rpi_communication.o
 .ARM.attributes
                0x0000026d       0x31 ..\obj\stm32f0xx_hal_cortex.o
 .ARM.attributes
                0x0000029e       0x31 ..\obj\sw_fifo.o
 .ARM.attributes
                0x000002cf       0x31 ..\obj\stm32f0xx_hal_spi.o
 .ARM.attributes
                0x00000300       0x31 ..\obj\stm32f0xx_hal_i2c.o
 .ARM.attributes
                0x00000331       0x31 ..\obj\stm32f0xx_hal_msp.o
 .ARM.attributes
                0x00000362       0x31 ..\obj\adc.o
 .ARM.attributes
                0x00000393       0x31 ..\obj\stm32f0xx_hal_i2c_ex.o
 .ARM.attributes
                0x000003c4       0x31 ..\obj\system_stm32f0xx.o
 .ARM.attributes
                0x000003f5       0x31 ..\obj\stm32f0xx_it.o
 .ARM.attributes
                0x00000426       0x31 ..\obj\stm32f0xx_hal_tim_ex.o
 .ARM.attributes
                0x00000457       0x31 ..\obj\stm32f0xx_hal_tim.o
 .ARM.attributes
                0x00000488       0x31 ..\obj\stm32f0xx_hal_gpio.o
 .ARM.attributes
                0x000004b9       0x31 ..\obj\dma.o
 .ARM.attributes
                0x000004ea       0x31 ..\obj\usart.o
 .ARM.attributes
                0x0000051b       0x1e c:/program files (x86)/gnu tools arm embedded/6.2 2016q4/bin/../lib/gcc/arm-none-eabi/6.2.1/thumb/v6-m\libgcc.a(_udivsi3.o)
 .ARM.attributes
                0x00000539       0x1e c:/program files (x86)/gnu tools arm embedded/6.2 2016q4/bin/../lib/gcc/arm-none-eabi/6.2.1/thumb/v6-m\libgcc.a(_dvmd_tls.o)
 .ARM.attributes
                0x00000557       0x2c c:/program files (x86)/gnu tools arm embedded/6.2 2016q4/bin/../lib/gcc/arm-none-eabi/6.2.1/../../../../arm-none-eabi/lib/thumb/v6-m\libg.a(lib_a-memcpy-stub.o)

.debug_frame    0x00000000     0x3c78
 .debug_frame   0x00000000       0x6c ..\obj\spi.o
 .debug_frame   0x0000006c       0x6c ..\obj\i2c.o
 .debug_frame   0x000000d8      0x194 ..\obj\stm32f0xx_hal_rcc.o
 .debug_frame   0x0000026c       0xb0 ..\obj\tim.o
 .debug_frame   0x0000031c      0x1f4 ..\obj\stm32f0xx_hal.o
 .debug_frame   0x00000510      0x390 ..\obj\stm32f0xx_hal_adc.o
 .debug_frame   0x000008a0      0x710 ..\obj\stm32f0xx_hal_uart.o
 .debug_frame   0x00000fb0       0x68 ..\obj\main.o
 .debug_frame   0x00001018       0x70 ..\obj\stm32f0xx_hal_rcc_ex.o
 .debug_frame   0x00001088       0x30 ..\obj\gpio.o
 .debug_frame   0x000010b8      0x1d0 ..\obj\stm32f0xx_hal_dma.o
 .debug_frame   0x00001288      0x2a4 ..\obj\stm32f0xx_hal_cortex.o
 .debug_frame   0x0000152c       0x88 ..\obj\sw_fifo.o
 .debug_frame   0x000015b4      0x710 ..\obj\stm32f0xx_hal_spi.o
 .debug_frame   0x00001cc4      0x930 ..\obj\stm32f0xx_hal_i2c.o
 .debug_frame   0x000025f4       0x30 ..\obj\stm32f0xx_hal_msp.o
 .debug_frame   0x00002624       0x70 ..\obj\adc.o
 .debug_frame   0x00002694       0x90 ..\obj\stm32f0xx_hal_i2c_ex.o
 .debug_frame   0x00002724       0x4c ..\obj\system_stm32f0xx.o
 .debug_frame   0x00002770      0x10c ..\obj\stm32f0xx_it.o
 .debug_frame   0x0000287c      0x4b0 ..\obj\stm32f0xx_hal_tim_ex.o
 .debug_frame   0x00002d2c      0xd50 ..\obj\stm32f0xx_hal_tim.o
 .debug_frame   0x00003a7c      0x110 ..\obj\stm32f0xx_hal_gpio.o
 .debug_frame   0x00003b8c       0x30 ..\obj\dma.o
 .debug_frame   0x00003bbc       0x6c ..\obj\usart.o
 .debug_frame   0x00003c28       0x20 c:/program files (x86)/gnu tools arm embedded/6.2 2016q4/bin/../lib/gcc/arm-none-eabi/6.2.1/thumb/v6-m\libgcc.a(_udivsi3.o)
 .debug_frame   0x00003c48       0x30 c:/program files (x86)/gnu tools arm embedded/6.2 2016q4/bin/../lib/gcc/arm-none-eabi/6.2.1/../../../../arm-none-eabi/lib/thumb/v6-m\libg.a(lib_a-memcpy-stub.o)
